Component: ARM Compiler 5.06 update 6 (build 750) Tool: armlink [4d35ed]

==============================================================================

Section Cross References

    main.o(i.interarrival_ticks) refers to random.o(i.next_event) for next_event
    main.o(i.interarrival_ticks) refers to rtx_kernel.o(.text.osKernelGetTickFreq) for osKernelGetTickFreq
    main.o(i.main) refers to rtx_kernel.o(.text.osKernelGetTickFreq) for osKernelGetTickFreq
    main.o(i.main) refers to dfltui.o(.text) for __aeabi_ui2d
    main.o(i.main) refers to dmul.o(.text) for __aeabi_dmul
    main.o(i.main) refers to dfixui.o(.text) for __aeabi_d2uiz
    main.o(i.main) refers to rtx_delay.o(.text.osDelay) for osDelay
    main.o(i.main) refers to ffltui.o(.text) for __aeabi_ui2f
    main.o(i.main) refers to main.o(i.interarrival_ticks) for interarrival_ticks
    main.o(i.main) refers to fdiv.o(.text) for __aeabi_fdiv
    main.o(i.main) refers to fadd.o(.text) for __aeabi_fadd
    main.o(i.main) refers to fflti.o(.text) for __aeabi_i2f
    main.o(i.main) refers to f2d.o(.text) for __aeabi_f2d
    main.o(i.main) refers to printfa.o(i.__0printf) for __2printf
    random.o(i.next_event) refers to lfsr113.o(i.lfsr113) for lfsr113
    random.o(i.next_event) refers to random.o(.data) for ln_table
    lfsr113.o(i.lfsr113) refers to lfsr113.o(.data) for z1
    uart.o(i.FreeRcv) refers to uart.o(i.Free) for Free
    uart.o(i.FreeRcv) refers to uart.o(.data) for RcvLock0
    uart.o(i.FreeSnd) refers to uart.o(i.Free) for Free
    uart.o(i.FreeSnd) refers to uart.o(.data) for SndLock0
    uart.o(i.LockRcv) refers to uart.o(i.Lock) for Lock
    uart.o(i.LockRcv) refers to uart.o(.data) for RcvLock0
    uart.o(i.LockSnd) refers to uart.o(i.Lock) for Lock
    uart.o(i.LockSnd) refers to uart.o(.data) for SndLock0
    uart.o(i.UART0_IRQHandler) refers to uart.o(.bss) for UART0Buffer
    uart.o(i.UART0_IRQHandler) refers to uart.o(.data) for UART0Count
    uart.o(i.UART1_IRQHandler) refers to uart.o(.bss) for UART1Buffer
    uart.o(i.UART1_IRQHandler) refers to uart.o(.data) for UART1Count
    uart.o(i.UARTInit) refers to uart.o(i.getFrequency) for getFrequency
    uart.o(i.UARTInit) refers to uart.o(i.__NVIC_EnableIRQ) for __NVIC_EnableIRQ
    uart.o(i.UARTInit) refers to uart.o(i.FreeRcv) for FreeRcv
    uart.o(i.UARTInit) refers to uart.o(i.FreeSnd) for FreeSnd
    uart.o(i.UARTRecieve) refers to uart.o(i.LockRcv) for LockRcv
    uart.o(i.UARTRecieve) refers to uart.o(i.FreeRcv) for FreeRcv
    uart.o(i.UARTRecieve) refers to uart.o(.data) for UART0Count
    uart.o(i.UARTRecieve) refers to uart.o(.bss) for UART0Buffer
    uart.o(i.UARTSend) refers to uart.o(i.LockSnd) for LockSnd
    uart.o(i.UARTSend) refers to uart.o(i.FreeSnd) for FreeSnd
    uart.o(i.UARTSend) refers to uart.o(.data) for UART0TxEmpty
    uart.o(i.getFrequency) refers to system_lpc17xx.o(.data) for SystemCoreClock
    retarget.o(i._ttywrch) refers to retarget.o(i.sendchar) for sendchar
    retarget.o(i.fgetc) refers to retarget.o(i.getkey) for getkey
    retarget.o(i.fgetc) refers to retarget.o(i.sendchar) for sendchar
    retarget.o(i.fputc) refers to retarget.o(i.sendchar) for sendchar
    retarget.o(i.getkey) refers to uart.o(i.UARTInit) for UARTInit
    retarget.o(i.getkey) refers to uart.o(i.UARTReceiveChar) for UARTReceiveChar
    retarget.o(i.getkey) refers to retarget.o(.data) for uart_init_called
    retarget.o(i.sendchar) refers to uart.o(i.UARTInit) for UARTInit
    retarget.o(i.sendchar) refers to uart.o(i.UARTSendChar) for UARTSendChar
    retarget.o(i.sendchar) refers to retarget.o(.data) for uart_init_called
    rtx_lib.o(.constdata) refers to rtx_lib.o(.bss.os.thread.cb) for os_idle_thread_cb
    rtx_lib.o(.constdata) refers to rtx_lib.o(.bss.os.thread.stack) for os_idle_thread_stack
    rtx_lib.o(.constdata) refers to rtx_lib.o(.bss.os.msgqueue.cb) for os_timer_mq_cb
    rtx_lib.o(.constdata) refers to rtx_lib.o(.bss.os.msgqueue.mem) for os_timer_mq_data
    rtx_lib.o(.data) refers to irq_cm3.o(.constdata) for irqRtxLib
    rtx_lib.o(.rodata) refers to rtx_lib.o(.bss.os) for os_isr_queue
    rtx_lib.o(.rodata) refers to rtx_lib.o(.constdata) for os_idle_thread_attr
    startup_lpc17xx.o(RESET) refers to startup_lpc17xx.o(STACK) for __initial_sp
    startup_lpc17xx.o(RESET) refers to startup_lpc17xx.o(.text) for Reset_Handler
    startup_lpc17xx.o(RESET) refers to irq_cm3.o(.text) for SVC_Handler
    startup_lpc17xx.o(RESET) refers to uart.o(i.UART0_IRQHandler) for UART0_IRQHandler
    startup_lpc17xx.o(RESET) refers to uart.o(i.UART1_IRQHandler) for UART1_IRQHandler
    startup_lpc17xx.o(.text) refers to system_lpc17xx.o(i.SystemInit) for SystemInit
    startup_lpc17xx.o(.text) refers to entry.o(.ARM.Collect$$$$00000000) for __main
    system_lpc17xx.o(i.SystemCoreClockUpdate) refers to uldiv.o(.text) for __aeabi_uldivmod
[...]
    printf7.o(i._printf_core) refers to printf7.o(i._printf_pre_padding) for _printf_pre_padding
    printf7.o(i._printf_core) refers to uldiv.o(.text) for __aeabi_uldivmod
    printf7.o(i._printf_core) refers to printf7.o(i._printf_post_padding) for _printf_post_padding
    printf8.o(i.__0fprintf$8) refers to printf8.o(i._printf_core) for _printf_core
    printf8.o(i.__0fprintf$8) refers to retarget.o(i.fputc) for fputc
    printf8.o(i.__0printf$8) refers to printf8.o(i._printf_core) for _printf_core
    printf8.o(i.__0printf$8) refers to retarget.o(i.fputc) for fputc
    printf8.o(i.__0printf$8) refers to retarget.o(.data) for __stdout
    printf8.o(i.__0snprintf$8) refers to printf8.o(i._printf_core) for _printf_core
    printf8.o(i.__0snprintf$8) refers to printf8.o(i._snputc) for _snputc
    printf8.o(i.__0sprintf$8) refers to printf8.o(i._printf_core) for _printf_core
    printf8.o(i.__0sprintf$8) refers to printf8.o(i._sputc) for _sputc
    printf8.o(i.__0vfprintf$8) refers to printf8.o(i._printf_core) for _printf_core
    printf8.o(i.__0vfprintf$8) refers to retarget.o(i.fputc) for fputc
    printf8.o(i.__0vprintf$8) refers to printf8.o(i._printf_core) for _printf_core
    printf8.o(i.__0vprintf$8) refers to retarget.o(i.fputc) for fputc
    printf8.o(i.__0vprintf$8) refers to retarget.o(.data) for __stdout
    printf8.o(i.__0vsnprintf$8) refers to printf8.o(i._printf_core) for _printf_core
    printf8.o(i.__0vsnprintf$8) refers to printf8.o(i._snputc) for _snputc
    printf8.o(i.__0vsprintf$8) refers to printf8.o(i._printf_core) for _printf_core
    printf8.o(i.__0vsprintf$8) refers to printf8.o(i._sputc) for _sputc
    printf8.o(i._printf_core) refers to printf8.o(i._printf_pre_padding) for _printf_pre_padding
    printf8.o(i._printf_core) refers to uldiv.o(.text) for __aeabi_uldivmod
    printf8.o(i._printf_core) refers to printf8.o(i._printf_post_padding) for _printf_post_padding
    printfa.o(i.__0fprintf) refers (Special) to iusefp.o(.text) for __I$use$fp
    printfa.o(i.__0fprintf) refers to printfa.o(i._printf_core) for _printf_core
    printfa.o(i.__0fprintf) refers to retarget.o(i.fputc) for fputc
    printfa.o(i.__0printf) refers (Special) to iusefp.o(.text) for __I$use$fp
    printfa.o(i.__0printf) refers to printfa.o(i._printf_core) for _printf_core
    printfa.o(i.__0printf) refers to retarget.o(i.fputc) for fputc
    printfa.o(i.__0printf) refers to retarget.o(.data) for __stdout
    printfa.o(i.__0snprintf) refers (Special) to iusefp.o(.text) for __I$use$fp
    printfa.o(i.__0snprintf) refers to printfa.o(i._printf_core) for _printf_core
    printfa.o(i.__0snprintf) refers to printfa.o(i._snputc) for _snputc
    printfa.o(i.__0sprintf) refers (Special) to iusefp.o(.text) for __I$use$fp
    printfa.o(i.__0sprintf) refers to printfa.o(i._printf_core) for _printf_core
    printfa.o(i.__0sprintf) refers to printfa.o(i._sputc) for _sputc
    printfa.o(i.__0vfprintf) refers (Special) to iusefp.o(.text) for __I$use$fp
    printfa.o(i.__0vfprintf) refers to printfa.o(i._printf_core) for _printf_core
    printfa.o(i.__0vfprintf) refers to retarget.o(i.fputc) for fputc
    printfa.o(i.__0vprintf) refers (Special) to iusefp.o(.text) for __I$use$fp
    printfa.o(i.__0vprintf) refers to printfa.o(i._printf_core) for _printf_core
    printfa.o(i.__0vprintf) refers to retarget.o(i.fputc) for fputc
    printfa.o(i.__0vprintf) refers to retarget.o(.data) for __stdout
    printfa.o(i.__0vsnprintf) refers (Special) to iusefp.o(.text) for __I$use$fp
    printfa.o(i.__0vsnprintf) refers to printfa.o(i._printf_core) for _printf_core
    printfa.o(i.__0vsnprintf) refers to printfa.o(i._snputc) for _snputc
    printfa.o(i.__0vsprintf) refers (Special) to iusefp.o(.text) for __I$use$fp
    printfa.o(i.__0vsprintf) refers to printfa.o(i._printf_core) for _printf_core
    printfa.o(i.__0vsprintf) refers to printfa.o(i._sputc) for _sputc
    printfa.o(i._fp_digits) refers (Special) to iusefp.o(.text) for __I$use$fp
    printfa.o(i._fp_digits) refers to dmul.o(.text) for __aeabi_dmul
    printfa.o(i._fp_digits) refers to ddiv.o(.text) for __aeabi_ddiv
    printfa.o(i._fp_digits) refers to cdrcmple.o(.text) for __aeabi_cdrcmple
    printfa.o(i._fp_digits) refers to dadd.o(.text) for __aeabi_dadd
    printfa.o(i._fp_digits) refers to dfixul.o(.text) for __aeabi_d2ulz
    printfa.o(i._fp_digits) refers to uldiv.o(.text) for __aeabi_uldivmod
    printfa.o(i._printf_core) refers (Special) to iusefp.o(.text) for __I$use$fp
    printfa.o(i._printf_core) refers to printfa.o(i._printf_pre_padding) for _printf_pre_padding
    printfa.o(i._printf_core) refers to uldiv.o(.text) for __aeabi_uldivmod
    printfa.o(i._printf_core) refers to printfa.o(i._printf_post_padding) for _printf_post_padding
    printfa.o(i._printf_core) refers to printfa.o(i._fp_digits) for _fp_digits
    printfa.o(i._printf_core) refers to uidiv.o(.text) for __aeabi_uidivmod
    printfa.o(i._printf_post_padding) refers (Special) to iusefp.o(.text) for __I$use$fp
    printfa.o(i._printf_pre_padding) refers (Special) to iusefp.o(.text) for __I$use$fp
    printfa.o(i._snputc) refers (Special) to iusefp.o(.text) for __I$use$fp
    printfa.o(i._sputc) refers (Special) to iusefp.o(.text) for __I$use$fp
    fadd.o(.text) refers (Special) to iusefp.o(.text) for __I$use$fp
    fadd.o(.text) refers to fepilogue.o(.text) for _float_epilogue
    fdiv.o(.text) refers (Special) to iusefp.o(.text) for __I$use$fp
    fdiv.o(.text) refers to fepilogue.o(.text) for _float_round
    dmul.o(.text) refers (Special) to iusefp.o(.text) for __I$use$fp
    dmul.o(.text) refers to depilogue.o(.text) for _double_epilogue
    fflti.o(.text) refers (Special) to iusefp.o(.text) for __I$use$fp
    fflti.o(.text) refers to fepilogue.o(.text) for _float_epilogue
    ffltui.o(.text) refers (Special) to iusefp.o(.text) for __I$use$fp
    ffltui.o(.text) refers to fepilogue.o(.text) for _float_epilogue
    dfltui.o(.text) refers (Special) to iusefp.o(.text) for __I$use$fp
    dfltui.o(.text) refers to depilogue.o(.text) for _double_epilogue
    dfixui.o(.text) refers (Special) to iusefp.o(.text) for __I$use$fp
    dfixui.o(.text) refers to llushr.o(.text) for __aeabi_llsr
    f2d.o(.text) refers (Special) to iusefp.o(.text) for __I$use$fp
    entry2.o(.ARM.Collect$$$$00000001) refers to entry2.o(.ARM.Collect$$$$00002712) for __lit__00000000
    entry2.o(.ARM.Collect$$$$00002712) refers to startup_lpc17xx.o(STACK) for __initial_sp
    entry2.o(__vectab_stack_and_reset_area) refers to startup_lpc17xx.o(STACK) for __initial_sp
    entry2.o(__vectab_stack_and_reset_area) refers to entry.o(.ARM.Collect$$$$00000000) for __main
    entry5.o(.ARM.Collect$$$$00000004) refers to init.o(.text) for __scatterload
    entry9a.o(.ARM.Collect$$$$0000000B) refers to main.o(i.main) for main
    entry9b.o(.ARM.Collect$$$$0000000C) refers to main.o(i.main) for main
    depilogue.o(.text) refers to llshl.o(.text) for __aeabi_llsl
    depilogue.o(.text) refers to llushr.o(.text) for __aeabi_llsr
    dadd.o(.text) refers to llshl.o(.text) for __aeabi_llsl
    dadd.o(.text) refers to llsshr.o(.text) for __aeabi_lasr
    dadd.o(.text) refers to depilogue.o(.text) for _double_epilogue
    ddiv.o(.text) refers to depilogue.o(.text) for _double_round
    dfixul.o(.text) refers to llushr.o(.text) for __aeabi_llsr
    dfixul.o(.text) refers to llshl.o(.text) for __aeabi_llsl
    init.o(.text) refers to entry5.o(.ARM.Collect$$$$00000004) for __main_after_scatterload


==============================================================================

Removing Unused input sections from the image.

    Removing uart.o(.rev16_text), (4 bytes).
    Removing uart.o(.revsh_text), (4 bytes).
    Removing uart.o(.rrx_text), (6 bytes).
    Removing uart.o(i.Lock), (28 bytes).
    Removing uart.o(i.LockRcv), (36 bytes).
    Removing uart.o(i.LockSnd), (36 bytes).
    Removing uart.o(i.UARTReceiveChar), (36 bytes).
    Removing uart.o(i.UARTRecieve), (160 bytes).
    Removing uart.o(i.UARTSend), (132 bytes).
    Removing retarget.o(i._sys_exit), (4 bytes).
    Removing retarget.o(i._ttywrch), (12 bytes).
    Removing retarget.o(i.ferror), (8 bytes).
    Removing retarget.o(i.fgetc), (20 bytes).
    Removing retarget.o(i.getkey), (36 bytes).
    Removing rtx_config.o(.rev16_text), (4 bytes).
    Removing rtx_config.o(.revsh_text), (4 bytes).
    Removing rtx_config.o(.rrx_text), (6 bytes).
    Removing rtx_config.o(i.osRtxIdleThread), (4 bytes).
    Removing rtx_lib.o(.rev16_text), (4 bytes).
    Removing rtx_lib.o(.revsh_text), (4 bytes).
    Removing rtx_lib.o(.rrx_text), (6 bytes).
    Removing rtx_lib.o(.data), (4 bytes).
    Removing startup_lpc17xx.o(HEAP), (8192 bytes).
    Removing system_lpc17xx.o(.rev16_text), (4 bytes).
    Removing system_lpc17xx.o(.revsh_text), (4 bytes).
    Removing system_lpc17xx.o(.rrx_text), (6 bytes).
    Removing system_lpc17xx.o(i.SystemCoreClockUpdate), (424 bytes).
    Removing rtx_kernel.o(.text), (0 bytes).
    Removing rtx_kernel.o(.text.osRtxKernelPreInit), (2 bytes).
    Removing rtx_kernel.o(.ARM.exidx.text.osRtxKernelPreInit), (8 bytes).
    Removing rtx_kernel.o(.text.osKernelInitialize), (44 bytes).
    Removing rtx_kernel.o(.ARM.exidx.text.osKernelInitialize), (8 bytes).
    Removing rtx_kernel.o(.text.osKernelGetInfo), (48 bytes).
    Removing rtx_kernel.o(.ARM.exidx.text.osKernelGetInfo), (8 bytes).
    Removing rtx_kernel.o(.text.svcRtxKernelGetInfo), (48 bytes).
    Removing rtx_kernel.o(.ARM.exidx.text.svcRtxKernelGetInfo), (8 bytes).
    Removing rtx_kernel.o(.text.osKernelGetState), (48 bytes).
    Removing rtx_kernel.o(.ARM.exidx.text.osKernelGetState), (8 bytes).
    Removing rtx_kernel.o(.text.svcRtxKernelGetState), (12 bytes).
    Removing rtx_kernel.o(.ARM.exidx.text.svcRtxKernelGetState), (8 bytes).
    Removing rtx_kernel.o(.text.osKernelStart), (36 bytes).
    Removing rtx_kernel.o(.ARM.exidx.text.osKernelStart), (8 bytes).
    Removing rtx_kernel.o(.text.osKernelLock), (36 bytes).
    Removing rtx_kernel.o(.ARM.exidx.text.osKernelLock), (8 bytes).
    Removing rtx_kernel.o(.text.osKernelUnlock), (36 bytes).
    Removing rtx_kernel.o(.ARM.exidx.text.osKernelUnlock), (8 bytes).
    Removing rtx_kernel.o(.text.osKernelRestoreLock), (36 bytes).
    Removing rtx_kernel.o(.ARM.exidx.text.osKernelRestoreLock), (8 bytes).
    Removing rtx_kernel.o(.text.osKernelSuspend), (36 bytes).
    Removing rtx_kernel.o(.ARM.exidx.text.osKernelSuspend), (8 bytes).
    Removing rtx_kernel.o(.text.osKernelResume), (32 bytes).
    Removing rtx_kernel.o(.ARM.exidx.text.osKernelResume), (8 bytes).
    Removing rtx_kernel.o(.text.osKernelGetTickCount), (40 bytes).
    Removing rtx_kernel.o(.ARM.exidx.text.osKernelGetTickCount), (8 bytes).
    Removing rtx_kernel.o(.text.svcRtxKernelGetTickCount), (12 bytes).
    Removing rtx_kernel.o(.ARM.exidx.text.svcRtxKernelGetTickCount), (8 bytes).
    Removing rtx_kernel.o(.ARM.exidx.text.osKernelGetTickFreq), (8 bytes).
    Removing rtx_kernel.o(.ARM.exidx.text.svcRtxKernelGetTickFreq), (8 bytes).
    Removing rtx_kernel.o(.text.osKernelGetSysTimerCount), (36 bytes).
    Removing rtx_kernel.o(.ARM.exidx.text.osKernelGetSysTimerCount), (8 bytes).
    Removing rtx_kernel.o(.text.svcRtxKernelGetSysTimerCount), (40 bytes).
    Removing rtx_kernel.o(.ARM.exidx.text.svcRtxKernelGetSysTimerCount), (8 bytes).
    Removing rtx_kernel.o(.text.osKernelGetSysTimerFreq), (36 bytes).
    Removing rtx_kernel.o(.ARM.exidx.text.osKernelGetSysTimerFreq), (8 bytes).
    Removing rtx_kernel.o(.text.svcRtxKernelGetSysTimerFreq), (4 bytes).
    Removing rtx_kernel.o(.ARM.exidx.text.svcRtxKernelGetSysTimerFreq), (8 bytes).
    Removing rtx_kernel.o(.text.svcRtxKernelInitialize), (340 bytes).
    Removing rtx_kernel.o(.ARM.exidx.text.svcRtxKernelInitialize), (8 bytes).
    Removing rtx_kernel.o(.text.svcRtxKernelStart), (136 bytes).
    Removing rtx_kernel.o(.ARM.exidx.text.svcRtxKernelStart), (8 bytes).
    Removing rtx_kernel.o(.text.svcRtxKernelLock), (32 bytes).
    Removing rtx_kernel.o(.ARM.exidx.text.svcRtxKernelLock), (8 bytes).
    Removing rtx_kernel.o(.text.svcRtxKernelUnlock), (32 bytes).
    Removing rtx_kernel.o(.ARM.exidx.text.svcRtxKernelUnlock), (8 bytes).
    Removing rtx_kernel.o(.text.svcRtxKernelRestoreLock), (44 bytes).
    Removing rtx_kernel.o(.ARM.exidx.text.svcRtxKernelRestoreLock), (8 bytes).
    Removing rtx_kernel.o(.text.svcRtxKernelSuspend), (80 bytes).
    Removing rtx_kernel.o(.ARM.exidx.text.svcRtxKernelSuspend), (8 bytes).
    Removing rtx_kernel.o(.text.svcRtxKernelResume), (140 bytes).
    Removing rtx_kernel.o(.ARM.exidx.text.svcRtxKernelResume), (8 bytes).
    Removing rtx_delay.o(.text), (0 bytes).
    Removing rtx_delay.o(.ARM.exidx.text.osDelay), (8 bytes).
    Removing rtx_delay.o(.text.osDelayUntil), (36 bytes).
    Removing rtx_delay.o(.ARM.exidx.text.osDelayUntil), (8 bytes).
    Removing rtx_delay.o(.ARM.exidx.text.svcRtxDelay), (8 bytes).
    Removing rtx_delay.o(.text.svcRtxDelayUntil), (32 bytes).
    Removing rtx_delay.o(.ARM.exidx.text.svcRtxDelayUntil), (8 bytes).
    Removing irq_cm3.o(.constdata), (1 bytes).
    Removing rtx_thread.o(.text), (0 bytes).
    Removing rtx_thread.o(.ARM.exidx.text.osRtxThreadListPut), (8 bytes).
    Removing rtx_thread.o(.text.osRtxThreadListGet), (20 bytes).
    Removing rtx_thread.o(.ARM.exidx.text.osRtxThreadListGet), (8 bytes).
    Removing rtx_thread.o(.text.osRtxThreadListSort), (40 bytes).
    Removing rtx_thread.o(.ARM.exidx.text.osRtxThreadListSort), (8 bytes).
    Removing rtx_thread.o(.ARM.exidx.text.osRtxThreadListRemove), (8 bytes).
    Removing rtx_thread.o(.ARM.exidx.text.osRtxThreadReadyPut), (8 bytes).
    Removing rtx_thread.o(.ARM.exidx.text.osRtxThreadDelayTick), (8 bytes).
    Removing rtx_thread.o(.text.osRtxThreadRegPtr), (6 bytes).
    Removing rtx_thread.o(.ARM.exidx.text.osRtxThreadRegPtr), (8 bytes).
    Removing rtx_thread.o(.ARM.exidx.text.osRtxThreadSwitch), (8 bytes).
    Removing rtx_thread.o(.ARM.exidx.text.osRtxThreadStackCheck), (8 bytes).
    Removing rtx_thread.o(.ARM.exidx.text.osRtxThreadDispatch), (8 bytes).
    Removing rtx_thread.o(.ARM.exidx.text.osRtxThreadBlock), (8 bytes).
    Removing rtx_thread.o(.text.osRtxThreadWaitExit), (36 bytes).
    Removing rtx_thread.o(.ARM.exidx.text.osRtxThreadWaitExit), (8 bytes).
    Removing rtx_thread.o(.text.osRtxThreadDelayRemove), (60 bytes).
    Removing rtx_thread.o(.ARM.exidx.text.osRtxThreadDelayRemove), (8 bytes).
    Removing rtx_thread.o(.ARM.exidx.text.osRtxThreadWaitEnter), (8 bytes).
    Removing rtx_thread.o(.ARM.exidx.text.osRtxThreadDelayInsert), (8 bytes).
    Removing rtx_thread.o(.text.osRtxThreadStartup), (64 bytes).
    Removing rtx_thread.o(.ARM.exidx.text.osRtxThreadStartup), (8 bytes).
    Removing rtx_thread.o(.text.svcRtxThreadNew), (476 bytes).
    Removing rtx_thread.o(.ARM.exidx.text.svcRtxThreadNew), (8 bytes).
    Removing rtx_thread.o(.text.osThreadNew), (36 bytes).
    Removing rtx_thread.o(.ARM.exidx.text.osThreadNew), (8 bytes).
    Removing rtx_thread.o(.text.osThreadGetName), (36 bytes).
    Removing rtx_thread.o(.ARM.exidx.text.osThreadGetName), (8 bytes).
    Removing rtx_thread.o(.text.osThreadGetId), (40 bytes).
    Removing rtx_thread.o(.ARM.exidx.text.osThreadGetId), (8 bytes).
    Removing rtx_thread.o(.text.svcRtxThreadGetId), (12 bytes).
    Removing rtx_thread.o(.ARM.exidx.text.svcRtxThreadGetId), (8 bytes).
    Removing rtx_thread.o(.text.osThreadGetState), (36 bytes).
    Removing rtx_thread.o(.ARM.exidx.text.osThreadGetState), (8 bytes).
    Removing rtx_thread.o(.text.osThreadGetStackSize), (36 bytes).
    Removing rtx_thread.o(.ARM.exidx.text.osThreadGetStackSize), (8 bytes).
    Removing rtx_thread.o(.text.osThreadGetStackSpace), (36 bytes).
    Removing rtx_thread.o(.ARM.exidx.text.osThreadGetStackSpace), (8 bytes).
    Removing rtx_thread.o(.text.osThreadSetPriority), (36 bytes).
    Removing rtx_thread.o(.ARM.exidx.text.osThreadSetPriority), (8 bytes).
    Removing rtx_thread.o(.text.osThreadGetPriority), (36 bytes).
    Removing rtx_thread.o(.ARM.exidx.text.osThreadGetPriority), (8 bytes).
    Removing rtx_thread.o(.text.osThreadYield), (36 bytes).
    Removing rtx_thread.o(.ARM.exidx.text.osThreadYield), (8 bytes).
    Removing rtx_thread.o(.text.osThreadSuspend), (36 bytes).
    Removing rtx_thread.o(.ARM.exidx.text.osThreadSuspend), (8 bytes).
    Removing rtx_thread.o(.text.osThreadResume), (36 bytes).
    Removing rtx_thread.o(.ARM.exidx.text.osThreadResume), (8 bytes).
    Removing rtx_thread.o(.text.osThreadDetach), (36 bytes).
    Removing rtx_thread.o(.ARM.exidx.text.osThreadDetach), (8 bytes).
    Removing rtx_thread.o(.text.osThreadJoin), (36 bytes).
    Removing rtx_thread.o(.ARM.exidx.text.osThreadJoin), (8 bytes).
    Removing rtx_thread.o(.text.osThreadExit), (12 bytes).
    Removing rtx_thread.o(.ARM.exidx.text.osThreadExit), (8 bytes).
    Removing rtx_thread.o(.text.osThreadTerminate), (36 bytes).
    Removing rtx_thread.o(.ARM.exidx.text.osThreadTerminate), (8 bytes).
    Removing rtx_thread.o(.text.osThreadGetCount), (36 bytes).
    Removing rtx_thread.o(.ARM.exidx.text.osThreadGetCount), (8 bytes).
    Removing rtx_thread.o(.text.osThreadEnumerate), (36 bytes).
    Removing rtx_thread.o(.ARM.exidx.text.osThreadEnumerate), (8 bytes).
    Removing rtx_thread.o(.text.osThreadFlagsSet), (88 bytes).
    Removing rtx_thread.o(.ARM.exidx.text.osThreadFlagsSet), (8 bytes).
    Removing rtx_thread.o(.text.osThreadFlagsClear), (36 bytes).
    Removing rtx_thread.o(.ARM.exidx.text.osThreadFlagsClear), (8 bytes).
    Removing rtx_thread.o(.text.osThreadFlagsGet), (36 bytes).
    Removing rtx_thread.o(.ARM.exidx.text.osThreadFlagsGet), (8 bytes).
    Removing rtx_thread.o(.text.osThreadFlagsWait), (36 bytes).
    Removing rtx_thread.o(.ARM.exidx.text.osThreadFlagsWait), (8 bytes).
    Removing rtx_thread.o(.text.osRtxThreadPostProcess), (42 bytes).
    Removing rtx_thread.o(.ARM.exidx.text.osRtxThreadPostProcess), (8 bytes).
    Removing rtx_thread.o(.text.ThreadFlagsCheck), (106 bytes).
    Removing rtx_thread.o(.ARM.exidx.text.ThreadFlagsCheck), (8 bytes).
    Removing rtx_thread.o(.text.svcRtxThreadGetName), (16 bytes).
    Removing rtx_thread.o(.ARM.exidx.text.svcRtxThreadGetName), (8 bytes).
    Removing rtx_thread.o(.text.svcRtxThreadGetState), (22 bytes).
    Removing rtx_thread.o(.ARM.exidx.text.svcRtxThreadGetState), (8 bytes).
    Removing rtx_thread.o(.text.svcRtxThreadGetStackSize), (16 bytes).
    Removing rtx_thread.o(.ARM.exidx.text.svcRtxThreadGetStackSize), (8 bytes).
    Removing rtx_thread.o(.text.svcRtxThreadGetStackSpace), (64 bytes).
    Removing rtx_thread.o(.ARM.exidx.text.svcRtxThreadGetStackSpace), (8 bytes).
    Removing rtx_thread.o(.text.svcRtxThreadSetPriority), (76 bytes).
    Removing rtx_thread.o(.ARM.exidx.text.svcRtxThreadSetPriority), (8 bytes).
    Removing rtx_thread.o(.text.svcRtxThreadGetPriority), (26 bytes).
    Removing rtx_thread.o(.ARM.exidx.text.svcRtxThreadGetPriority), (8 bytes).
    Removing rtx_thread.o(.text.svcRtxThreadYield), (56 bytes).
    Removing rtx_thread.o(.ARM.exidx.text.svcRtxThreadYield), (8 bytes).
    Removing rtx_thread.o(.text.svcRtxThreadSuspend), (140 bytes).
    Removing rtx_thread.o(.ARM.exidx.text.svcRtxThreadSuspend), (8 bytes).
    Removing rtx_thread.o(.text.svcRtxThreadResume), (56 bytes).
    Removing rtx_thread.o(.ARM.exidx.text.svcRtxThreadResume), (8 bytes).
    Removing rtx_thread.o(.text.svcRtxThreadDetach), (60 bytes).
    Removing rtx_thread.o(.ARM.exidx.text.svcRtxThreadDetach), (8 bytes).
    Removing rtx_thread.o(.text.osRtxThreadListUnlink), (32 bytes).
    Removing rtx_thread.o(.ARM.exidx.text.osRtxThreadListUnlink), (8 bytes).
    Removing rtx_thread.o(.text.osRtxThreadFree), (88 bytes).
    Removing rtx_thread.o(.ARM.exidx.text.osRtxThreadFree), (8 bytes).
    Removing rtx_thread.o(.text.svcRtxThreadJoin), (88 bytes).
    Removing rtx_thread.o(.ARM.exidx.text.svcRtxThreadJoin), (8 bytes).
    Removing rtx_thread.o(.text.svcRtxThreadExit), (112 bytes).
    Removing rtx_thread.o(.ARM.exidx.text.svcRtxThreadExit), (8 bytes).
    Removing rtx_thread.o(.text.svcRtxThreadTerminate), (192 bytes).
    Removing rtx_thread.o(.ARM.exidx.text.svcRtxThreadTerminate), (8 bytes).
    Removing rtx_thread.o(.text.svcRtxThreadGetCount), (56 bytes).
    Removing rtx_thread.o(.ARM.exidx.text.svcRtxThreadGetCount), (8 bytes).
    Removing rtx_thread.o(.text.svcRtxThreadEnumerate), (104 bytes).
    Removing rtx_thread.o(.ARM.exidx.text.svcRtxThreadEnumerate), (8 bytes).
    Removing rtx_thread.o(.text.svcRtxThreadFlagsSet), (102 bytes).
    Removing rtx_thread.o(.ARM.exidx.text.svcRtxThreadFlagsSet), (8 bytes).
    Removing rtx_thread.o(.text.svcRtxThreadFlagsClear), (52 bytes).
    Removing rtx_thread.o(.ARM.exidx.text.svcRtxThreadFlagsClear), (8 bytes).
    Removing rtx_thread.o(.text.svcRtxThreadFlagsGet), (20 bytes).
    Removing rtx_thread.o(.ARM.exidx.text.svcRtxThreadFlagsGet), (8 bytes).
    Removing rtx_thread.o(.text.svcRtxThreadFlagsWait), (76 bytes).
    Removing rtx_thread.o(.ARM.exidx.text.svcRtxThreadFlagsWait), (8 bytes).
    Removing rtx_memory.o(.text), (0 bytes).
    Removing rtx_memory.o(.text.osRtxMemoryInit), (54 bytes).
    Removing rtx_memory.o(.ARM.exidx.text.osRtxMemoryInit), (8 bytes).
    Removing rtx_memory.o(.text.osRtxMemoryAlloc), (128 bytes).
    Removing rtx_memory.o(.ARM.exidx.text.osRtxMemoryAlloc), (8 bytes).
    Removing rtx_memory.o(.text.osRtxMemoryFree), (82 bytes).
    Removing rtx_memory.o(.ARM.exidx.text.osRtxMemoryFree), (8 bytes).
    Removing rtx_mempool.o(.text), (0 bytes).
    Removing rtx_mempool.o(.text.osRtxMemoryPoolInit), (70 bytes).
    Removing rtx_mempool.o(.ARM.exidx.text.osRtxMemoryPoolInit), (8 bytes).
    Removing rtx_mempool.o(.text.osRtxMemoryPoolAlloc), (58 bytes).
    Removing rtx_mempool.o(.ARM.exidx.text.osRtxMemoryPoolAlloc), (8 bytes).
    Removing rtx_mempool.o(.text.osRtxMemoryPoolFree), (74 bytes).
    Removing rtx_mempool.o(.ARM.exidx.text.osRtxMemoryPoolFree), (8 bytes).
    Removing rtx_mempool.o(.text.osMemoryPoolNew), (36 bytes).
    Removing rtx_mempool.o(.ARM.exidx.text.osMemoryPoolNew), (8 bytes).
    Removing rtx_mempool.o(.text.osMemoryPoolGetName), (36 bytes).
    Removing rtx_mempool.o(.ARM.exidx.text.osMemoryPoolGetName), (8 bytes).
    Removing rtx_mempool.o(.text.osMemoryPoolAlloc), (104 bytes).
    Removing rtx_mempool.o(.ARM.exidx.text.osMemoryPoolAlloc), (8 bytes).
    Removing rtx_mempool.o(.text.osMemoryPoolFree), (72 bytes).
    Removing rtx_mempool.o(.ARM.exidx.text.osMemoryPoolFree), (8 bytes).
    Removing rtx_mempool.o(.text.osMemoryPoolGetCapacity), (48 bytes).
    Removing rtx_mempool.o(.ARM.exidx.text.osMemoryPoolGetCapacity), (8 bytes).
    Removing rtx_mempool.o(.text.svcRtxMemoryPoolGetCapacity), (16 bytes).
    Removing rtx_mempool.o(.ARM.exidx.text.svcRtxMemoryPoolGetCapacity), (8 bytes).
    Removing rtx_mempool.o(.text.osMemoryPoolGetBlockSize), (48 bytes).
    Removing rtx_mempool.o(.ARM.exidx.text.osMemoryPoolGetBlockSize), (8 bytes).
    Removing rtx_mempool.o(.text.svcRtxMemoryPoolGetBlockSize), (16 bytes).
    Removing rtx_mempool.o(.ARM.exidx.text.svcRtxMemoryPoolGetBlockSize), (8 bytes).
    Removing rtx_mempool.o(.text.osMemoryPoolGetCount), (48 bytes).
    Removing rtx_mempool.o(.ARM.exidx.text.osMemoryPoolGetCount), (8 bytes).
    Removing rtx_mempool.o(.text.svcRtxMemoryPoolGetCount), (16 bytes).
    Removing rtx_mempool.o(.ARM.exidx.text.svcRtxMemoryPoolGetCount), (8 bytes).
    Removing rtx_mempool.o(.text.osMemoryPoolGetSpace), (36 bytes).
    Removing rtx_mempool.o(.ARM.exidx.text.osMemoryPoolGetSpace), (8 bytes).
    Removing rtx_mempool.o(.text.svcRtxMemoryPoolGetSpace), (20 bytes).
    Removing rtx_mempool.o(.ARM.exidx.text.svcRtxMemoryPoolGetSpace), (8 bytes).
    Removing rtx_mempool.o(.text.osMemoryPoolDelete), (36 bytes).
    Removing rtx_mempool.o(.ARM.exidx.text.osMemoryPoolDelete), (8 bytes).
    Removing rtx_mempool.o(.text.svcRtxMemoryPoolNew), (332 bytes).
    Removing rtx_mempool.o(.ARM.exidx.text.svcRtxMemoryPoolNew), (8 bytes).
    Removing rtx_mempool.o(.text.osRtxMemoryPoolPostProcess), (72 bytes).
    Removing rtx_mempool.o(.ARM.exidx.text.osRtxMemoryPoolPostProcess), (8 bytes).
    Removing rtx_mempool.o(.text.svcRtxMemoryPoolGetName), (16 bytes).
    Removing rtx_mempool.o(.ARM.exidx.text.svcRtxMemoryPoolGetName), (8 bytes).
    Removing rtx_mempool.o(.text.svcRtxMemoryPoolAlloc), (92 bytes).
    Removing rtx_mempool.o(.ARM.exidx.text.svcRtxMemoryPoolAlloc), (8 bytes).
    Removing rtx_mempool.o(.text.svcRtxMemoryPoolFree), (100 bytes).
    Removing rtx_mempool.o(.ARM.exidx.text.svcRtxMemoryPoolFree), (8 bytes).
    Removing rtx_mempool.o(.text.svcRtxMemoryPoolDelete), (108 bytes).
    Removing rtx_mempool.o(.ARM.exidx.text.svcRtxMemoryPoolDelete), (8 bytes).
    Removing rtx_system.o(.text), (0 bytes).
    Removing rtx_system.o(.ARM.exidx.text.osRtxTick_Handler), (8 bytes).
    Removing rtx_system.o(.ARM.exidx.text.osRtxPendSV_Handler), (8 bytes).
    Removing rtx_system.o(.text.osRtxPostProcess), (116 bytes).
    Removing rtx_system.o(.ARM.exidx.text.osRtxPostProcess), (8 bytes).
    Removing os_systick.o(.text), (0 bytes).
    Removing os_systick.o(.text.OS_Tick_Setup), (64 bytes).
    Removing os_systick.o(.ARM.exidx.text.OS_Tick_Setup), (8 bytes).
    Removing os_systick.o(.text.OS_Tick_Enable), (44 bytes).
    Removing os_systick.o(.ARM.exidx.text.OS_Tick_Enable), (8 bytes).
    Removing os_systick.o(.text.OS_Tick_Disable), (48 bytes).
    Removing os_systick.o(.ARM.exidx.text.OS_Tick_Disable), (8 bytes).
    Removing os_systick.o(.ARM.exidx.text.OS_Tick_AcknowledgeIRQ), (8 bytes).
    Removing os_systick.o(.text.OS_Tick_GetIRQn), (6 bytes).
    Removing os_systick.o(.ARM.exidx.text.OS_Tick_GetIRQn), (8 bytes).
    Removing os_systick.o(.text.OS_Tick_GetClock), (12 bytes).
    Removing os_systick.o(.ARM.exidx.text.OS_Tick_GetClock), (8 bytes).
    Removing os_systick.o(.text.OS_Tick_GetInterval), (12 bytes).
    Removing os_systick.o(.ARM.exidx.text.OS_Tick_GetInterval), (8 bytes).
    Removing os_systick.o(.text.OS_Tick_GetCount), (16 bytes).
    Removing os_systick.o(.ARM.exidx.text.OS_Tick_GetCount), (8 bytes).
    Removing os_systick.o(.text.OS_Tick_GetOverflow), (16 bytes).
    Removing os_systick.o(.ARM.exidx.text.OS_Tick_GetOverflow), (8 bytes).
    Removing os_systick.o(.bss.PendST), (1 bytes).
    Removing rtx_timer.o(.text), (0 bytes).
    Removing rtx_timer.o(.text.osRtxTimerThread), (60 bytes).
    Removing rtx_timer.o(.ARM.exidx.text.osRtxTimerThread), (8 bytes).
    Removing rtx_timer.o(.text.osRtxTimerTick), (88 bytes).
    Removing rtx_timer.o(.ARM.exidx.text.osRtxTimerTick), (8 bytes).
    Removing rtx_timer.o(.text.osTimerNew), (48 bytes).
    Removing rtx_timer.o(.ARM.exidx.text.osTimerNew), (8 bytes).
    Removing rtx_timer.o(.text.osTimerGetName), (36 bytes).
    Removing rtx_timer.o(.ARM.exidx.text.osTimerGetName), (8 bytes).
    Removing rtx_timer.o(.text.osTimerStart), (36 bytes).
    Removing rtx_timer.o(.ARM.exidx.text.osTimerStart), (8 bytes).
    Removing rtx_timer.o(.text.osTimerStop), (36 bytes).
    Removing rtx_timer.o(.ARM.exidx.text.osTimerStop), (8 bytes).
    Removing rtx_timer.o(.text.osTimerIsRunning), (36 bytes).
    Removing rtx_timer.o(.ARM.exidx.text.osTimerIsRunning), (8 bytes).
    Removing rtx_timer.o(.text.osTimerDelete), (36 bytes).
    Removing rtx_timer.o(.ARM.exidx.text.osTimerDelete), (8 bytes).
    Removing rtx_timer.o(.text.TimerInsert), (80 bytes).
    Removing rtx_timer.o(.ARM.exidx.text.TimerInsert), (8 bytes).
    Removing rtx_timer.o(.text.svcRtxTimerNew), (124 bytes).
    Removing rtx_timer.o(.ARM.exidx.text.svcRtxTimerNew), (8 bytes).
    Removing rtx_timer.o(.text.svcRtxTimerGetName), (16 bytes).
    Removing rtx_timer.o(.ARM.exidx.text.svcRtxTimerGetName), (8 bytes).
    Removing rtx_timer.o(.text.svcRtxTimerStart), (76 bytes).
    Removing rtx_timer.o(.ARM.exidx.text.svcRtxTimerStart), (8 bytes).
    Removing rtx_timer.o(.text.TimerRemove), (40 bytes).
    Removing rtx_timer.o(.ARM.exidx.text.TimerRemove), (8 bytes).
    Removing rtx_timer.o(.text.svcRtxTimerStop), (40 bytes).
    Removing rtx_timer.o(.ARM.exidx.text.svcRtxTimerStop), (8 bytes).
    Removing rtx_timer.o(.text.svcRtxTimerIsRunning), (24 bytes).
    Removing rtx_timer.o(.ARM.exidx.text.svcRtxTimerIsRunning), (8 bytes).
    Removing rtx_timer.o(.text.svcRtxTimerDelete), (76 bytes).
    Removing rtx_timer.o(.ARM.exidx.text.svcRtxTimerDelete), (8 bytes).
    Removing rtx_mutex.o(.text), (0 bytes).
    Removing rtx_mutex.o(.text.osRtxMutexOwnerRelease), (74 bytes).
    Removing rtx_mutex.o(.ARM.exidx.text.osRtxMutexOwnerRelease), (8 bytes).
    Removing rtx_mutex.o(.text.osMutexNew), (36 bytes).
    Removing rtx_mutex.o(.ARM.exidx.text.osMutexNew), (8 bytes).
    Removing rtx_mutex.o(.text.osMutexGetName), (36 bytes).
    Removing rtx_mutex.o(.ARM.exidx.text.osMutexGetName), (8 bytes).
    Removing rtx_mutex.o(.text.osMutexAcquire), (36 bytes).
    Removing rtx_mutex.o(.ARM.exidx.text.osMutexAcquire), (8 bytes).
    Removing rtx_mutex.o(.text.osMutexRelease), (36 bytes).
    Removing rtx_mutex.o(.ARM.exidx.text.osMutexRelease), (8 bytes).
    Removing rtx_mutex.o(.text.osMutexGetOwner), (36 bytes).
    Removing rtx_mutex.o(.ARM.exidx.text.osMutexGetOwner), (8 bytes).
    Removing rtx_mutex.o(.text.osMutexDelete), (36 bytes).
    Removing rtx_mutex.o(.ARM.exidx.text.osMutexDelete), (8 bytes).
    Removing rtx_mutex.o(.text.svcRtxMutexNew), (108 bytes).
    Removing rtx_mutex.o(.ARM.exidx.text.svcRtxMutexNew), (8 bytes).
    Removing rtx_mutex.o(.text.svcRtxMutexGetName), (16 bytes).
    Removing rtx_mutex.o(.ARM.exidx.text.svcRtxMutexGetName), (8 bytes).
    Removing rtx_mutex.o(.text.svcRtxMutexAcquire), (144 bytes).
    Removing rtx_mutex.o(.ARM.exidx.text.svcRtxMutexAcquire), (8 bytes).
    Removing rtx_mutex.o(.text.svcRtxMutexRelease), (184 bytes).
    Removing rtx_mutex.o(.ARM.exidx.text.svcRtxMutexRelease), (8 bytes).
    Removing rtx_mutex.o(.text.svcRtxMutexGetOwner), (20 bytes).
    Removing rtx_mutex.o(.ARM.exidx.text.svcRtxMutexGetOwner), (8 bytes).
    Removing rtx_mutex.o(.text.svcRtxMutexDelete), (196 bytes).
    Removing rtx_mutex.o(.ARM.exidx.text.svcRtxMutexDelete), (8 bytes).
    Removing rtx_msgqueue.o(.text), (0 bytes).
    Removing rtx_msgqueue.o(.text.osMessageQueueNew), (36 bytes).
    Removing rtx_msgqueue.o(.ARM.exidx.text.osMessageQueueNew), (8 bytes).
    Removing rtx_msgqueue.o(.text.osMessageQueueGetName), (36 bytes).
    Removing rtx_msgqueue.o(.ARM.exidx.text.osMessageQueueGetName), (8 bytes).
    Removing rtx_msgqueue.o(.text.osMessageQueuePut), (120 bytes).
    Removing rtx_msgqueue.o(.ARM.exidx.text.osMessageQueuePut), (8 bytes).
    Removing rtx_msgqueue.o(.text.osMessageQueueGet), (108 bytes).
    Removing rtx_msgqueue.o(.ARM.exidx.text.osMessageQueueGet), (8 bytes).
    Removing rtx_msgqueue.o(.text.osMessageQueueGetCapacity), (48 bytes).
    Removing rtx_msgqueue.o(.ARM.exidx.text.osMessageQueueGetCapacity), (8 bytes).
    Removing rtx_msgqueue.o(.text.svcRtxMessageQueueGetCapacity), (16 bytes).
    Removing rtx_msgqueue.o(.ARM.exidx.text.svcRtxMessageQueueGetCapacity), (8 bytes).
    Removing rtx_msgqueue.o(.text.osMessageQueueGetMsgSize), (48 bytes).
    Removing rtx_msgqueue.o(.ARM.exidx.text.osMessageQueueGetMsgSize), (8 bytes).
    Removing rtx_msgqueue.o(.text.svcRtxMessageQueueGetMsgSize), (16 bytes).
    Removing rtx_msgqueue.o(.ARM.exidx.text.svcRtxMessageQueueGetMsgSize), (8 bytes).
    Removing rtx_msgqueue.o(.text.osMessageQueueGetCount), (48 bytes).
    Removing rtx_msgqueue.o(.ARM.exidx.text.osMessageQueueGetCount), (8 bytes).
    Removing rtx_msgqueue.o(.text.svcRtxMessageQueueGetCount), (16 bytes).
    Removing rtx_msgqueue.o(.ARM.exidx.text.svcRtxMessageQueueGetCount), (8 bytes).
    Removing rtx_msgqueue.o(.text.osMessageQueueGetSpace), (36 bytes).
    Removing rtx_msgqueue.o(.ARM.exidx.text.osMessageQueueGetSpace), (8 bytes).
    Removing rtx_msgqueue.o(.text.svcRtxMessageQueueGetSpace), (20 bytes).
    Removing rtx_msgqueue.o(.ARM.exidx.text.svcRtxMessageQueueGetSpace), (8 bytes).
    Removing rtx_msgqueue.o(.text.osMessageQueueReset), (36 bytes).
    Removing rtx_msgqueue.o(.ARM.exidx.text.osMessageQueueReset), (8 bytes).
    Removing rtx_msgqueue.o(.text.osMessageQueueDelete), (36 bytes).
    Removing rtx_msgqueue.o(.ARM.exidx.text.osMessageQueueDelete), (8 bytes).
    Removing rtx_msgqueue.o(.text.svcRtxMessageQueueNew), (308 bytes).
    Removing rtx_msgqueue.o(.ARM.exidx.text.svcRtxMessageQueueNew), (8 bytes).
    Removing rtx_msgqueue.o(.text.osRtxMessageQueuePostProcess), (186 bytes).
    Removing rtx_msgqueue.o(.ARM.exidx.text.osRtxMessageQueuePostProcess), (8 bytes).
    Removing rtx_msgqueue.o(.text.MessageQueueRemove), (28 bytes).
    Removing rtx_msgqueue.o(.ARM.exidx.text.MessageQueueRemove), (8 bytes).
    Removing rtx_msgqueue.o(.text.MessageQueuePut), (98 bytes).
    Removing rtx_msgqueue.o(.ARM.exidx.text.MessageQueuePut), (8 bytes).
    Removing rtx_msgqueue.o(.text.svcRtxMessageQueueGetName), (16 bytes).
    Removing rtx_msgqueue.o(.ARM.exidx.text.svcRtxMessageQueueGetName), (8 bytes).
    Removing rtx_msgqueue.o(.text.svcRtxMessageQueuePut), (192 bytes).
    Removing rtx_msgqueue.o(.ARM.exidx.text.svcRtxMessageQueuePut), (8 bytes).
    Removing rtx_msgqueue.o(.text.MessageQueueGet), (68 bytes).
    Removing rtx_msgqueue.o(.ARM.exidx.text.MessageQueueGet), (8 bytes).
    Removing rtx_msgqueue.o(.text.svcRtxMessageQueueGet), (224 bytes).
    Removing rtx_msgqueue.o(.ARM.exidx.text.svcRtxMessageQueueGet), (8 bytes).
    Removing rtx_msgqueue.o(.text.svcRtxMessageQueueReset), (174 bytes).
    Removing rtx_msgqueue.o(.ARM.exidx.text.svcRtxMessageQueueReset), (8 bytes).
    Removing rtx_msgqueue.o(.text.svcRtxMessageQueueDelete), (112 bytes).
    Removing rtx_msgqueue.o(.ARM.exidx.text.svcRtxMessageQueueDelete), (8 bytes).

388 unused section(s) (total 21100 bytes) removed from the image.

==============================================================================

Image Symbol Table

    Local Symbols

    Symbol Name                              Value     Ov Type        Size  Object(Section)

    RESET                                    0x00000000   Section      204  startup_lpc17xx.o(RESET)
    ../clib/../cmprslib/zerorunl2.c          0x00000000   Number         0  __dczerorl2.o ABSOLUTE
    ../clib/microlib/division.c              0x00000000   Number         0  uidiv.o ABSOLUTE
    ../clib/microlib/division.c              0x00000000   Number         0  uldiv.o ABSOLUTE
    ../clib/microlib/init/entry.s            0x00000000   Number         0  entry11a.o ABSOLUTE
    ../clib/microlib/init/entry.s            0x00000000   Number         0  entry8a.o ABSOLUTE
    ../clib/microlib/init/entry.s            0x00000000   Number         0  entry9a.o ABSOLUTE
    ../clib/microlib/init/entry.s            0x00000000   Number         0  entry7b.o ABSOLUTE
    ../clib/microlib/init/entry.s            0x00000000   Number         0  entry7a.o ABSOLUTE
    ../clib/microlib/init/entry.s            0x00000000   Number         0  entry.o ABSOLUTE
    ../clib/microlib/init/entry.s            0x00000000   Number         0  entry5.o ABSOLUTE
    ../clib/microlib/init/entry.s            0x00000000   Number         0  entry8b.o ABSOLUTE
    ../clib/microlib/init/entry.s            0x00000000   Number         0  entry11b.o ABSOLUTE
    ../clib/microlib/init/entry.s            0x00000000   Number         0  entry10b.o ABSOLUTE
    ../clib/microlib/init/entry.s            0x00000000   Number         0  entry10a.o ABSOLUTE
    ../clib/microlib/init/entry.s            0x00000000   Number         0  entry9b.o ABSOLUTE
    ../clib/microlib/init/entry.s            0x00000000   Number         0  entry2.o ABSOLUTE
    ../clib/microlib/longlong.c              0x00000000   Number         0  llsshr.o ABSOLUTE
    ../clib/microlib/longlong.c              0x00000000   Number         0  llushr.o ABSOLUTE
    ../clib/microlib/longlong.c              0x00000000   Number         0  llshl.o ABSOLUTE
    ../clib/microlib/printf/printf.c         0x00000000   Number         0  printf8.o ABSOLUTE
    ../clib/microlib/printf/printf.c         0x00000000   Number         0  printfa.o ABSOLUTE
    ../clib/microlib/printf/printf.c         0x00000000   Number         0  printfb.o ABSOLUTE
    ../clib/microlib/printf/printf.c         0x00000000   Number         0  printf0.o ABSOLUTE
    ../clib/microlib/printf/printf.c         0x00000000   Number         0  printf1.o ABSOLUTE
    ../clib/microlib/printf/printf.c         0x00000000   Number         0  printf2.o ABSOLUTE
    ../clib/microlib/printf/printf.c         0x00000000   Number         0  printf3.o ABSOLUTE
    ../clib/microlib/printf/printf.c         0x00000000   Number         0  printf7.o ABSOLUTE
    ../clib/microlib/printf/printf.c         0x00000000   Number         0  printf4.o ABSOLUTE
    ../clib/microlib/printf/printf.c         0x00000000   Number         0  printf5.o ABSOLUTE
    ../clib/microlib/printf/printf.c         0x00000000   Number         0  printf6.o ABSOLUTE
    ../clib/microlib/printf/stubs.s          0x00000000   Number         0  stubs.o ABSOLUTE
    ../clib/microlib/string/memcpy.c         0x00000000   Number         0  memcpya.o ABSOLUTE
    ../clib/microlib/string/memcpy.c         0x00000000   Number         0  memcpyb.o ABSOLUTE
    ../clib/microlib/string/memset.c         0x00000000   Number         0  memseta.o ABSOLUTE
    ../clib/microlib/stubs.s                 0x00000000   Number         0  iusefp.o ABSOLUTE
    ../fplib/microlib/f2d.c                  0x00000000   Number         0  f2d.o ABSOLUTE
    ../fplib/microlib/fpadd.c                0x00000000   Number         0  fadd.o ABSOLUTE
    ../fplib/microlib/fpadd.c                0x00000000   Number         0  dadd.o ABSOLUTE
    ../fplib/microlib/fpdiv.c                0x00000000   Number         0  ddiv.o ABSOLUTE
    ../fplib/microlib/fpdiv.c                0x00000000   Number         0  fdiv.o ABSOLUTE
    ../fplib/microlib/fpepilogue.c           0x00000000   Number         0  fepilogue.o ABSOLUTE
    ../fplib/microlib/fpepilogue.c           0x00000000   Number         0  depilogue.o ABSOLUTE
    ../fplib/microlib/fpfix.c                0x00000000   Number         0  dfixui.o ABSOLUTE
    ../fplib/microlib/fpfix.c                0x00000000   Number         0  dfixul.o ABSOLUTE
    ../fplib/microlib/fpflt.c                0x00000000   Number         0  fflti.o ABSOLUTE
    ../fplib/microlib/fpflt.c                0x00000000   Number         0  dfltui.o ABSOLUTE
    ../fplib/microlib/fpflt.c                0x00000000   Number         0  ffltui.o ABSOLUTE
    ../fplib/microlib/fpmul.c                0x00000000   Number         0  dmul.o ABSOLUTE
    ..\..\..\Source\ARM\irq_cm3.s            0x00000000   Number         0  irq_cm3.o ABSOLUTE
    RTE\CMSIS\RTX_Config.c                   0x00000000   Number         0  rtx_config.o ABSOLUTE
    RTE\Device\LPC1768\startup_LPC17xx.s     0x00000000   Number         0  startup_lpc17xx.o ABSOLUTE
    RTE\Device\LPC1768\system_LPC17xx.c      0x00000000   Number         0  system_lpc17xx.o ABSOLUTE
    RTE\\CMSIS\\RTX_Config.c                 0x00000000   Number         0  rtx_config.o ABSOLUTE
    RTE\\Device\\LPC1768\\system_LPC17xx.c   0x00000000   Number         0  system_lpc17xx.o ABSOLUTE
    Retarget.c                               0x00000000   Number         0  retarget.o ABSOLUTE
    Z:\\run\\media\\anant\\79d5101f-a537-4803-98f5-8897ecc8505e\\uVisionPackages\\ARM\\CMSIS\\5.6.0\\CMSIS\\RTOS2\\RTX\\Source\\rtx_lib.c 0x00000000   Number         0  rtx_lib.o ABSOLUTE
    Z:\run\media\anant\79d5101f-a537-4803-98f5-8897ecc8505e\uVisionPackages\ARM\CMSIS\5.6.0\CMSIS\RTOS2\RTX\Source\rtx_lib.c 0x00000000   Number         0  rtx_lib.o ABSOLUTE
    cdrcmple.s                               0x00000000   Number         0  cdrcmple.o ABSOLUTE
    dc.s                                     0x00000000   Number         0  dc.o ABSOLUTE
    handlers.s                               0x00000000   Number         0  handlers.o ABSOLUTE
    init.s                                   0x00000000   Number         0  init.o ABSOLUTE
    lfsr113.c                                0x00000000   Number         0  lfsr113.o ABSOLUTE
    main.c                                   0x00000000   Number         0  main.o ABSOLUTE
    os_systick.c                             0x00000000   Number         0  os_systick.o ABSOLUTE
    random.c                                 0x00000000   Number         0  random.o ABSOLUTE
    rtx_delay.c                              0x00000000   Number         0  rtx_delay.o ABSOLUTE
    rtx_kernel.c                             0x00000000   Number         0  rtx_kernel.o ABSOLUTE
    rtx_memory.c                             0x00000000   Number         0  rtx_memory.o ABSOLUTE
    rtx_mempool.c                            0x00000000   Number         0  rtx_mempool.o ABSOLUTE
    rtx_msgqueue.c                           0x00000000   Number         0  rtx_msgqueue.o ABSOLUTE
    rtx_mutex.c                              0x00000000   Number         0  rtx_mutex.o ABSOLUTE
    rtx_system.c                             0x00000000   Number         0  rtx_system.o ABSOLUTE
    rtx_thread.c                             0x00000000   Number         0  rtx_thread.o ABSOLUTE
    rtx_timer.c                              0x00000000   Number         0  rtx_timer.o ABSOLUTE
    uart.c                                   0x00000000   Number         0  uart.o ABSOLUTE
    uart.c                                   0x00000000   Number         0  uart.o ABSOLUTE
    .ARM.Collect$$$$00000000                 0x000000cc   Section        0  entry.o(.ARM.Collect$$$$00000000)
    .ARM.Collect$$$$00000001                 0x000000cc   Section        4  entry2.o(.ARM.Collect$$$$00000001)
    .ARM.Collect$$$$00000004                 0x000000d0   Section        4  entry5.o(.ARM.Collect$$$$00000004)
    .ARM.Collect$$$$00000008                 0x000000d4   Section        0  entry7b.o(.ARM.Collect$$$$00000008)
    .ARM.Collect$$$$0000000A                 0x000000d4   Section        0  entry8b.o(.ARM.Collect$$$$0000000A)
    .ARM.Collect$$$$0000000B                 0x000000d4   Section        8  entry9a.o(.ARM.Collect$$$$0000000B)
    .ARM.Collect$$$$0000000D                 0x000000dc   Section        0  entry10a.o(.ARM.Collect$$$$0000000D)
    .ARM.Collect$$$$0000000F                 0x000000dc   Section        0  entry11a.o(.ARM.Collect$$$$0000000F)
    .ARM.Collect$$$$00002712                 0x000000dc   Section        4  entry2.o(.ARM.Collect$$$$00002712)
    __lit__00000000                          0x000000dc   Data           4  entry2.o(.ARM.Collect$$$$00002712)
    .text                                    0x000000e0   Section       36  startup_lpc17xx.o(.text)
    .text                                    0x00000104   Section      148  irq_cm3.o(.text)
    .text                                    0x00000198   Section        0  uldiv.o(.text)
    .text                                    0x000001fa   Section        0  fadd.o(.text)
    .text                                    0x000002aa   Section        0  fflti.o(.text)
    .text                                    0x000002bc   Section        0  ffltui.o(.text)
    .text                                    0x000002c6   Section        0  dfltui.o(.text)
    [Anonymous Symbol]                       0x000002e0   Section        0  os_systick.o(.text.OS_Tick_AcknowledgeIRQ)
    .text                                    0x000002e0   Section        0  iusefp.o(.text)
    __arm_cp.3_0                             0x000002e8   Number         4  os_systick.o(.text.OS_Tick_AcknowledgeIRQ)
    [Anonymous Symbol]                       0x000002ec   Section        0  rtx_thread.o(.text.osRtxThreadSwitch)
    __arm_cp.7_0                             0x000002f8   Number         4  rtx_thread.o(.text.osRtxThreadSwitch)
    .ARM.__at_0x02FC                         0x000002fc   Section        4  startup_lpc17xx.o(.ARM.__at_0x02FC)
    .text                                    0x00000300   Section        0  fdiv.o(.text)
    .text                                    0x0000037c   Section        0  dmul.o(.text)
    .text                                    0x00000460   Section        0  dfixui.o(.text)
    .text                                    0x00000492   Section        0  f2d.o(.text)
    .text                                    0x000004b8   Section        0  uidiv.o(.text)
    .text                                    0x000004e4   Section        0  llshl.o(.text)
    .text                                    0x00000502   Section        0  llushr.o(.text)
    .text                                    0x00000522   Section        0  fepilogue.o(.text)
    .text                                    0x00000590   Section        0  depilogue.o(.text)
    .text                                    0x0000064a   Section        0  dadd.o(.text)
    .text                                    0x00000798   Section        0  ddiv.o(.text)
    .text                                    0x00000876   Section        0  dfixul.o(.text)
    .text                                    0x000008a8   Section       48  cdrcmple.o(.text)
    .text                                    0x000008d8   Section       36  init.o(.text)
    .text                                    0x000008fc   Section        0  llsshr.o(.text)
    .text                                    0x00000920   Section        0  __dczerorl2.o(.text)
    [Anonymous Symbol]                       0x00000978   Section        0  rtx_delay.o(.text.osDelay)
    __arm_cp.0_0                             0x00000998   Number         4  rtx_delay.o(.text.osDelay)
    [Anonymous Symbol]                       0x0000099c   Section        0  rtx_kernel.o(.text.osKernelGetTickFreq)
    __arm_cp.14_0                            0x000009bc   Number         4  rtx_kernel.o(.text.osKernelGetTickFreq)
    __arm_cp.14_1                            0x000009c0   Number         4  rtx_kernel.o(.text.osKernelGetTickFreq)
    [Anonymous Symbol]                       0x000009c4   Section        0  rtx_system.o(.text.osRtxPendSV_Handler)
    __arm_cp.1_0                             0x00000a50   Number         4  rtx_system.o(.text.osRtxPendSV_Handler)
    [Anonymous Symbol]                       0x00000a54   Section        0  rtx_thread.o(.text.osRtxThreadBlock)
    osRtxThreadBlock                         0x00000a55   Thumb Code    56  rtx_thread.o(.text.osRtxThreadBlock)
    __arm_cp.10_0                            0x00000a88   Number         4  rtx_thread.o(.text.osRtxThreadBlock)
    [Anonymous Symbol]                       0x00000a8c   Section        0  rtx_thread.o(.text.osRtxThreadDelayInsert)
    osRtxThreadDelayInsert                   0x00000a8d   Thumb Code   136  rtx_thread.o(.text.osRtxThreadDelayInsert)
    __arm_cp.14_0                            0x00000b10   Number         4  rtx_thread.o(.text.osRtxThreadDelayInsert)
    [Anonymous Symbol]                       0x00000b14   Section        0  rtx_thread.o(.text.osRtxThreadDelayTick)
    __arm_cp.5_0                             0x00000b44   Number         4  rtx_thread.o(.text.osRtxThreadDelayTick)
    [Anonymous Symbol]                       0x00000b48   Section        0  rtx_thread.o(.text.osRtxThreadDispatch)
    __arm_cp.9_0                             0x00000ba0   Number         4  rtx_thread.o(.text.osRtxThreadDispatch)
    [Anonymous Symbol]                       0x00000ba4   Section        0  rtx_thread.o(.text.osRtxThreadListPut)
    [Anonymous Symbol]                       0x00000bce   Section        0  rtx_thread.o(.text.osRtxThreadListRemove)
    [Anonymous Symbol]                       0x00000be4   Section        0  rtx_thread.o(.text.osRtxThreadReadyPut)
    __arm_cp.4_0                             0x00000bf4   Number         4  rtx_thread.o(.text.osRtxThreadReadyPut)
    [Anonymous Symbol]                       0x00000bf8   Section        0  rtx_thread.o(.text.osRtxThreadStackCheck)
    __arm_cp.8_0                             0x00000c18   Number         4  rtx_thread.o(.text.osRtxThreadStackCheck)
    __arm_cp.8_1                             0x00000c1c   Number         4  rtx_thread.o(.text.osRtxThreadStackCheck)
    [Anonymous Symbol]                       0x00000c20   Section        0  rtx_thread.o(.text.osRtxThreadWaitEnter)
    __arm_cp.13_0                            0x00000c58   Number         4  rtx_thread.o(.text.osRtxThreadWaitEnter)
    [Anonymous Symbol]                       0x00000c5c   Section        0  rtx_system.o(.text.osRtxTick_Handler)
    __arm_cp.0_0                             0x00000cc8   Number         4  rtx_system.o(.text.osRtxTick_Handler)
    [Anonymous Symbol]                       0x00000ccc   Section        0  rtx_delay.o(.text.svcRtxDelay)
    svcRtxDelay                              0x00000ccd   Thumb Code    20  rtx_delay.o(.text.svcRtxDelay)
    [Anonymous Symbol]                       0x00000ce0   Section        0  rtx_kernel.o(.text.svcRtxKernelGetTickFreq)
    svcRtxKernelGetTickFreq                  0x00000ce1   Thumb Code    12  rtx_kernel.o(.text.svcRtxKernelGetTickFreq)
    __arm_cp.15_0                            0x00000ce8   Number         4  rtx_kernel.o(.text.svcRtxKernelGetTickFreq)
    i.Free                                   0x00000cec   Section        0  uart.o(i.Free)
    i.FreeRcv                                0x00000cf4   Section        0  uart.o(i.FreeRcv)
    i.FreeSnd                                0x00000d18   Section        0  uart.o(i.FreeSnd)
    i.SystemInit                             0x00000d3c   Section        0  system_lpc17xx.o(i.SystemInit)
    i.UART0_IRQHandler                       0x00000e7c   Section        0  uart.o(i.UART0_IRQHandler)
    i.UART1_IRQHandler                       0x00000ee4   Section        0  uart.o(i.UART1_IRQHandler)
    i.UARTInit                               0x00000f54   Section        0  uart.o(i.UARTInit)
    i.UARTSendChar                           0x00001010   Section        0  uart.o(i.UARTSendChar)
    i.__0printf                              0x00001034   Section        0  printfa.o(i.__0printf)
    i.__NVIC_EnableIRQ                       0x00001054   Section        0  uart.o(i.__NVIC_EnableIRQ)
    __NVIC_EnableIRQ                         0x00001055   Thumb Code    34  uart.o(i.__NVIC_EnableIRQ)
    i.__scatterload_copy                     0x00001076   Section       14  handlers.o(i.__scatterload_copy)
    i.__scatterload_null                     0x00001084   Section        2  handlers.o(i.__scatterload_null)
    i.__scatterload_zeroinit                 0x00001086   Section       14  handlers.o(i.__scatterload_zeroinit)
    i._fp_digits                             0x00001094   Section        0  printfa.o(i._fp_digits)
    _fp_digits                               0x00001095   Thumb Code   366  printfa.o(i._fp_digits)
    i._printf_core                           0x00001218   Section        0  printfa.o(i._printf_core)
    _printf_core                             0x00001219   Thumb Code  1744  printfa.o(i._printf_core)
    i._printf_post_padding                   0x000018f4   Section        0  printfa.o(i._printf_post_padding)
    _printf_post_padding                     0x000018f5   Thumb Code    36  printfa.o(i._printf_post_padding)
    i._printf_pre_padding                    0x00001918   Section        0  printfa.o(i._printf_pre_padding)
    _printf_pre_padding                      0x00001919   Thumb Code    46  printfa.o(i._printf_pre_padding)
    i.fputc                                  0x00001946   Section        0  retarget.o(i.fputc)
    i.getFrequency                           0x00001954   Section        0  uart.o(i.getFrequency)
    i.interarrival_ticks                     0x0000199c   Section        0  main.o(i.interarrival_ticks)
    i.lfsr113                                0x000019b4   Section        0  lfsr113.o(i.lfsr113)
    i.main                                   0x00001a44   Section        0  main.o(i.main)
    i.next_event                             0x00001ae0   Section        0  random.o(i.next_event)
    i.osRtxErrorNotify                       0x00001af4   Section        0  rtx_config.o(i.osRtxErrorNotify)
    i.sendchar                               0x00001b14   Section        0  retarget.o(i.sendchar)
    .constdata                               0x00001b58   Section      100  rtx_lib.o(.constdata)
    os_idle_thread_attr                      0x00001b58   Data          36  rtx_lib.o(.constdata)
    os_timer_thread_attr                     0x00001b7c   Data          36  rtx_lib.o(.constdata)
    os_timer_mq_attr                         0x00001ba0   Data          24  rtx_lib.o(.constdata)
    .rodata                                  0x00001bbc   Section      160  rtx_lib.o(.rodata)
    __tagsym$$used                           0x00001bbc   Number         0  rtx_lib.o(.rodata)
    __tagsym$$used                           0x00001c24   Number         0  rtx_lib.o(.rodata)
    [Anonymous Symbol]                       0x00001c5c   Section        0  rtx_kernel.o(.rodata.str1.4)
    .L.str                                   0x00001c5c   Data          11  rtx_kernel.o(.rodata.str1.4)
    .bss.os                                  0x10000000   Section     4160  rtx_lib.o(.bss.os)
    os_mem                                   0x10000000   Data        4096  rtx_lib.o(.bss.os)
    os_isr_queue                             0x10001000   Data          64  rtx_lib.o(.bss.os)
    .bss.os.msgqueue.cb                      0x10001040   Section       52  rtx_lib.o(.bss.os.msgqueue.cb)
    os_timer_mq_cb                           0x10001040   Data          52  rtx_lib.o(.bss.os.msgqueue.cb)
    .bss.os.msgqueue.mem                     0x10001074   Section       80  rtx_lib.o(.bss.os.msgqueue.mem)
    os_timer_mq_data                         0x10001074   Data          80  rtx_lib.o(.bss.os.msgqueue.mem)
    .bss.os.thread.cb                        0x100010c4   Section      136  rtx_lib.o(.bss.os.thread.cb)
    os_idle_thread_cb                        0x100010c4   Data          68  rtx_lib.o(.bss.os.thread.cb)
    os_timer_thread_cb                       0x10001108   Data          68  rtx_lib.o(.bss.os.thread.cb)
    .bss.os.thread.stack                     0x10001150   Section      512  rtx_lib.o(.bss.os.thread.stack)
    os_idle_thread_stack                     0x10001150   Data         256  rtx_lib.o(.bss.os.thread.stack)
    os_timer_thread_stack                    0x10001250   Data         256  rtx_lib.o(.bss.os.thread.stack)
    .data                                    0x10001350   Section     1024  random.o(.data)
    ln_table                                 0x10001350   Data        1024  random.o(.data)
    .data                                    0x10001750   Section       16  lfsr113.o(.data)
    z1                                       0x10001750   Data           4  lfsr113.o(.data)
    z2                                       0x10001754   Data           4  lfsr113.o(.data)
    z3                                       0x10001758   Data           4  lfsr113.o(.data)
    z4                                       0x1000175c   Data           4  lfsr113.o(.data)
    .data                                    0x10001760   Section       32  uart.o(.data)
    .data                                    0x10001780   Section       12  retarget.o(.data)
    .data                                    0x1000178c   Section        4  system_lpc17xx.o(.data)
    .bss                                     0x10001834   Section      128  uart.o(.bss)
    STACK                                    0x100018b8   Section     8192  startup_lpc17xx.o(STACK)

    Global Symbols

    Symbol Name                              Value     Ov Type        Size  Object(Section)

    BuildAttributes$$THM_ISAv4$P$D$K$B$S$PE$A:L22UL41UL21$X:L11$S22US41US21$IEEE1$IW$~IW$USESV6$~STKCKD$USESV7$~SHL$OTIME$ROPI$EBA8$MICROLIB$REQ8$PRES8$EABIv2 0x00000000   Number         0  anon$$obj.o ABSOLUTE
    __ARM_use_no_argv                        0x00000000   Number         0  main.o ABSOLUTE
    __Vectors                                0x00000000   Data           4  startup_lpc17xx.o(RESET)
    _printf_a                                0x00000000   Number         0  stubs.o ABSOLUTE
    _printf_c                                0x00000000   Number         0  stubs.o ABSOLUTE
    _printf_charcount                        0x00000000   Number         0  stubs.o ABSOLUTE
    _printf_d                                0x00000000   Number         0  stubs.o ABSOLUTE
    _printf_e                                0x00000000   Number         0  stubs.o ABSOLUTE
    _printf_f                                0x00000000   Number         0  stubs.o ABSOLUTE
    _printf_flags                            0x00000000   Number         0  stubs.o ABSOLUTE
    _printf_fp_dec                           0x00000000   Number         0  stubs.o ABSOLUTE
    _printf_fp_hex                           0x00000000   Number         0  stubs.o ABSOLUTE
    _printf_g                                0x00000000   Number         0  stubs.o ABSOLUTE
    _printf_i                                0x00000000   Number         0  stubs.o ABSOLUTE
    _printf_int_dec                          0x00000000   Number         0  stubs.o ABSOLUTE
    _printf_l                                0x00000000   Number         0  stubs.o ABSOLUTE
    _printf_lc                               0x00000000   Number         0  stubs.o ABSOLUTE
    _printf_ll                               0x00000000   Number         0  stubs.o ABSOLUTE
    _printf_lld                              0x00000000   Number         0  stubs.o ABSOLUTE
    _printf_lli                              0x00000000   Number         0  stubs.o ABSOLUTE
    _printf_llo                              0x00000000   Number         0  stubs.o ABSOLUTE
    _printf_llu                              0x00000000   Number         0  stubs.o ABSOLUTE
    _printf_llx                              0x00000000   Number         0  stubs.o ABSOLUTE
    _printf_longlong_dec                     0x00000000   Number         0  stubs.o ABSOLUTE
    _printf_longlong_hex                     0x00000000   Number         0  stubs.o ABSOLUTE
    _printf_longlong_oct                     0x00000000   Number         0  stubs.o ABSOLUTE
    _printf_ls                               0x00000000   Number         0  stubs.o ABSOLUTE
    _printf_mbtowc                           0x00000000   Number         0  stubs.o ABSOLUTE
    _printf_n                                0x00000000   Number         0  stubs.o ABSOLUTE
    _printf_o                                0x00000000   Number         0  stubs.o ABSOLUTE
    _printf_p                                0x00000000   Number         0  stubs.o ABSOLUTE
    _printf_percent                          0x00000000   Number         0  stubs.o ABSOLUTE
    _printf_pre_padding                      0x00000000   Number         0  stubs.o ABSOLUTE
    _printf_return_value                     0x00000000   Number         0  stubs.o ABSOLUTE
    _printf_s                                0x00000000   Number         0  stubs.o ABSOLUTE
    _printf_sizespec                         0x00000000   Number         0  stubs.o ABSOLUTE
    _printf_str                              0x00000000   Number         0  stubs.o ABSOLUTE
    _printf_truncate_signed                  0x00000000   Number         0  stubs.o ABSOLUTE
    _printf_truncate_unsigned                0x00000000   Number         0  stubs.o ABSOLUTE
    _printf_u                                0x00000000   Number         0  stubs.o ABSOLUTE
    _printf_wc                               0x00000000   Number         0  stubs.o ABSOLUTE
    _printf_wctomb                           0x00000000   Number         0  stubs.o ABSOLUTE
    _printf_widthprec                        0x00000000   Number         0  stubs.o ABSOLUTE
    _printf_x                                0x00000000   Number         0  stubs.o ABSOLUTE
    .bss.os.evflags.cb$$Base                  - Undefined Weak Reference
    .bss.os.evflags.cb$$Limit                 - Undefined Weak Reference
    .bss.os.mempool.cb$$Base                  - Undefined Weak Reference
    .bss.os.mempool.cb$$Limit                 - Undefined Weak Reference
    .bss.os.mutex.cb$$Base                    - Undefined Weak Reference
    .bss.os.mutex.cb$$Limit                   - Undefined Weak Reference
    .bss.os.semaphore.cb$$Base                - Undefined Weak Reference
    .bss.os.semaphore.cb$$Limit               - Undefined Weak Reference
    .bss.os.timer.cb$$Base                    - Undefined Weak Reference
    .bss.os.timer.cb$$Limit                   - Undefined Weak Reference
    __cpp_initialize__aeabi_                  - Undefined Weak Reference
    __cxa_finalize                            - Undefined Weak Reference
    _clock_init                               - Undefined Weak Reference
    _microlib_exit                            - Undefined Weak Reference
    __main                                   0x000000cd   Thumb Code     0  entry.o(.ARM.Collect$$$$00000000)
    _main_stk                                0x000000cd   Thumb Code     0  entry2.o(.ARM.Collect$$$$00000001)
    _main_scatterload                        0x000000d1   Thumb Code     0  entry5.o(.ARM.Collect$$$$00000004)
    __main_after_scatterload                 0x000000d5   Thumb Code     0  entry5.o(.ARM.Collect$$$$00000004)
    _main_clock                              0x000000d5   Thumb Code     0  entry7b.o(.ARM.Collect$$$$00000008)
    _main_cpp_init                           0x000000d5   Thumb Code     0  entry8b.o(.ARM.Collect$$$$0000000A)
    _main_init                               0x000000d5   Thumb Code     0  entry9a.o(.ARM.Collect$$$$0000000B)
    __rt_final_cpp                           0x000000dd   Thumb Code     0  entry10a.o(.ARM.Collect$$$$0000000D)
    __rt_final_exit                          0x000000dd   Thumb Code     0  entry11a.o(.ARM.Collect$$$$0000000F)
    Reset_Handler                            0x000000e1   Thumb Code     8  startup_lpc17xx.o(.text)
    NMI_Handler                              0x000000e9   Thumb Code     2  startup_lpc17xx.o(.text)
    HardFault_Handler                        0x000000eb   Thumb Code     2  startup_lpc17xx.o(.text)
    MemManage_Handler                        0x000000ed   Thumb Code     2  startup_lpc17xx.o(.text)
    BusFault_Handler                         0x000000ef   Thumb Code     2  startup_lpc17xx.o(.text)
    UsageFault_Handler                       0x000000f1   Thumb Code     2  startup_lpc17xx.o(.text)
    DebugMon_Handler                         0x000000f5   Thumb Code     2  startup_lpc17xx.o(.text)
    ADC_IRQHandler                           0x000000fb   Thumb Code     0  startup_lpc17xx.o(.text)
    BOD_IRQHandler                           0x000000fb   Thumb Code     0  startup_lpc17xx.o(.text)
    CANActivity_IRQHandler                   0x000000fb   Thumb Code     0  startup_lpc17xx.o(.text)
    CAN_IRQHandler                           0x000000fb   Thumb Code     0  startup_lpc17xx.o(.text)
    DMA_IRQHandler                           0x000000fb   Thumb Code     0  startup_lpc17xx.o(.text)
    EINT0_IRQHandler                         0x000000fb   Thumb Code     0  startup_lpc17xx.o(.text)
    EINT1_IRQHandler                         0x000000fb   Thumb Code     0  startup_lpc17xx.o(.text)
    EINT2_IRQHandler                         0x000000fb   Thumb Code     0  startup_lpc17xx.o(.text)
    EINT3_IRQHandler                         0x000000fb   Thumb Code     0  startup_lpc17xx.o(.text)
    ENET_IRQHandler                          0x000000fb   Thumb Code     0  startup_lpc17xx.o(.text)
    I2C0_IRQHandler                          0x000000fb   Thumb Code     0  startup_lpc17xx.o(.text)
    I2C1_IRQHandler                          0x000000fb   Thumb Code     0  startup_lpc17xx.o(.text)
    I2C2_IRQHandler                          0x000000fb   Thumb Code     0  startup_lpc17xx.o(.text)
    I2S_IRQHandler                           0x000000fb   Thumb Code     0  startup_lpc17xx.o(.text)
    MCPWM_IRQHandler                         0x000000fb   Thumb Code     0  startup_lpc17xx.o(.text)
    PLL0_IRQHandler                          0x000000fb   Thumb Code     0  startup_lpc17xx.o(.text)
    PLL1_IRQHandler                          0x000000fb   Thumb Code     0  startup_lpc17xx.o(.text)
    PWM1_IRQHandler                          0x000000fb   Thumb Code     0  startup_lpc17xx.o(.text)
    QEI_IRQHandler                           0x000000fb   Thumb Code     0  startup_lpc17xx.o(.text)
    RIT_IRQHandler                           0x000000fb   Thumb Code     0  startup_lpc17xx.o(.text)
    RTC_IRQHandler                           0x000000fb   Thumb Code     0  startup_lpc17xx.o(.text)
    SPI_IRQHandler                           0x000000fb   Thumb Code     0  startup_lpc17xx.o(.text)
    SSP0_IRQHandler                          0x000000fb   Thumb Code     0  startup_lpc17xx.o(.text)
    SSP1_IRQHandler                          0x000000fb   Thumb Code     0  startup_lpc17xx.o(.text)
    TIMER0_IRQHandler                        0x000000fb   Thumb Code     0  startup_lpc17xx.o(.text)
    TIMER1_IRQHandler                        0x000000fb   Thumb Code     0  startup_lpc17xx.o(.text)
    TIMER2_IRQHandler                        0x000000fb   Thumb Code     0  startup_lpc17xx.o(.text)
    TIMER3_IRQHandler                        0x000000fb   Thumb Code     0  startup_lpc17xx.o(.text)
    UART2_IRQHandler                         0x000000fb   Thumb Code     0  startup_lpc17xx.o(.text)
    UART3_IRQHandler                         0x000000fb   Thumb Code     0  startup_lpc17xx.o(.text)
    USBActivity_IRQHandler                   0x000000fb   Thumb Code     0  startup_lpc17xx.o(.text)
    USB_IRQHandler                           0x000000fb   Thumb Code     0  startup_lpc17xx.o(.text)
    WDT_IRQHandler                           0x000000fb   Thumb Code     0  startup_lpc17xx.o(.text)
    SVC_Handler                              0x00000105   Thumb Code   108  irq_cm3.o(.text)
    PendSV_Handler                           0x00000171   Thumb Code    16  irq_cm3.o(.text)
    SysTick_Handler                          0x00000181   Thumb Code    16  irq_cm3.o(.text)
    __aeabi_uldivmod                         0x00000199   Thumb Code    98  uldiv.o(.text)
    __aeabi_fadd                             0x000001fb   Thumb Code   164  fadd.o(.text)
    __aeabi_fsub                             0x0000029f   Thumb Code     6  fadd.o(.text)
    __aeabi_frsub                            0x000002a5   Thumb Code     6  fadd.o(.text)
    __aeabi_i2f                              0x000002ab   Thumb Code    18  fflti.o(.text)
    __aeabi_ui2f                             0x000002bd   Thumb Code    10  ffltui.o(.text)
    __aeabi_ui2d                             0x000002c7   Thumb Code    26  dfltui.o(.text)
    OS_Tick_AcknowledgeIRQ                   0x000002e1   Thumb Code    12  os_systick.o(.text.OS_Tick_AcknowledgeIRQ)
    __I$use$fp                               0x000002e1   Thumb Code     0  iusefp.o(.text)
    osRtxThreadSwitch                        0x000002ed   Thumb Code    16  rtx_thread.o(.text.osRtxThreadSwitch)
    __aeabi_fdiv                             0x00000301   Thumb Code   124  fdiv.o(.text)
    __aeabi_dmul                             0x0000037d   Thumb Code   228  dmul.o(.text)
    __aeabi_d2uiz                            0x00000461   Thumb Code    50  dfixui.o(.text)
    __aeabi_f2d                              0x00000493   Thumb Code    38  f2d.o(.text)
    __aeabi_uidiv                            0x000004b9   Thumb Code     0  uidiv.o(.text)
    __aeabi_uidivmod                         0x000004b9   Thumb Code    44  uidiv.o(.text)
    __aeabi_llsl                             0x000004e5   Thumb Code    30  llshl.o(.text)
    _ll_shift_l                              0x000004e5   Thumb Code     0  llshl.o(.text)
    __aeabi_llsr                             0x00000503   Thumb Code    32  llushr.o(.text)
    _ll_ushift_r                             0x00000503   Thumb Code     0  llushr.o(.text)
    _float_round                             0x00000523   Thumb Code    18  fepilogue.o(.text)
    _float_epilogue                          0x00000535   Thumb Code    92  fepilogue.o(.text)
    _double_round                            0x00000591   Thumb Code    30  depilogue.o(.text)
    _double_epilogue                         0x000005af   Thumb Code   156  depilogue.o(.text)
    __aeabi_dadd                             0x0000064b   Thumb Code   322  dadd.o(.text)
    __aeabi_dsub                             0x0000078d   Thumb Code     6  dadd.o(.text)
    __aeabi_drsub                            0x00000793   Thumb Code     6  dadd.o(.text)
    __aeabi_ddiv                             0x00000799   Thumb Code   222  ddiv.o(.text)
    __aeabi_d2ulz                            0x00000877   Thumb Code    48  dfixul.o(.text)
    __aeabi_cdrcmple                         0x000008a9   Thumb Code    48  cdrcmple.o(.text)
    __scatterload                            0x000008d9   Thumb Code    28  init.o(.text)
    __scatterload_rt2                        0x000008d9   Thumb Code     0  init.o(.text)
    __aeabi_lasr                             0x000008fd   Thumb Code    36  llsshr.o(.text)
    _ll_sshift_r                             0x000008fd   Thumb Code     0  llsshr.o(.text)
    __decompress                             0x00000921   Thumb Code     0  __dczerorl2.o(.text)
    __decompress1                            0x00000921   Thumb Code    86  __dczerorl2.o(.text)
    osDelay                                  0x00000979   Thumb Code    36  rtx_delay.o(.text.osDelay)
    osKernelGetTickFreq                      0x0000099d   Thumb Code    40  rtx_kernel.o(.text.osKernelGetTickFreq)
    osRtxPendSV_Handler                      0x000009c5   Thumb Code   144  rtx_system.o(.text.osRtxPendSV_Handler)
    osRtxThreadDelayTick                     0x00000b15   Thumb Code    52  rtx_thread.o(.text.osRtxThreadDelayTick)
    osRtxThreadDispatch                      0x00000b49   Thumb Code    92  rtx_thread.o(.text.osRtxThreadDispatch)
    osRtxThreadListPut                       0x00000ba5   Thumb Code    42  rtx_thread.o(.text.osRtxThreadListPut)
    osRtxThreadListRemove                    0x00000bcf   Thumb Code    20  rtx_thread.o(.text.osRtxThreadListRemove)
    osRtxThreadReadyPut                      0x00000be5   Thumb Code    20  rtx_thread.o(.text.osRtxThreadReadyPut)
    osRtxThreadStackCheck                    0x00000bf9   Thumb Code    40  rtx_thread.o(.text.osRtxThreadStackCheck)
    osRtxThreadWaitEnter                     0x00000c21   Thumb Code    60  rtx_thread.o(.text.osRtxThreadWaitEnter)
    osRtxTick_Handler                        0x00000c5d   Thumb Code   112  rtx_system.o(.text.osRtxTick_Handler)
    Free                                     0x00000ced   Thumb Code     6  uart.o(i.Free)
    FreeRcv                                  0x00000cf5   Thumb Code    28  uart.o(i.FreeRcv)
    FreeSnd                                  0x00000d19   Thumb Code    28  uart.o(i.FreeSnd)
    SystemInit                               0x00000d3d   Thumb Code   302  system_lpc17xx.o(i.SystemInit)
    UART0_IRQHandler                         0x00000e7d   Thumb Code    88  uart.o(i.UART0_IRQHandler)
    UART1_IRQHandler                         0x00000ee5   Thumb Code    90  uart.o(i.UART1_IRQHandler)
    UARTInit                                 0x00000f55   Thumb Code   176  uart.o(i.UARTInit)
    UARTSendChar                             0x00001011   Thumb Code    26  uart.o(i.UARTSendChar)
    __0printf                                0x00001035   Thumb Code    22  printfa.o(i.__0printf)
    __1printf                                0x00001035   Thumb Code     0  printfa.o(i.__0printf)
    __2printf                                0x00001035   Thumb Code     0  printfa.o(i.__0printf)
    __c89printf                              0x00001035   Thumb Code     0  printfa.o(i.__0printf)
    printf                                   0x00001035   Thumb Code     0  printfa.o(i.__0printf)
    __scatterload_copy                       0x00001077   Thumb Code    14  handlers.o(i.__scatterload_copy)
    __scatterload_null                       0x00001085   Thumb Code     2  handlers.o(i.__scatterload_null)
    __scatterload_zeroinit                   0x00001087   Thumb Code    14  handlers.o(i.__scatterload_zeroinit)
    fputc                                    0x00001947   Thumb Code    14  retarget.o(i.fputc)
    getFrequency                             0x00001955   Thumb Code    62  uart.o(i.getFrequency)
    interarrival_ticks                       0x0000199d   Thumb Code    22  main.o(i.interarrival_ticks)
    lfsr113                                  0x000019b5   Thumb Code   128  lfsr113.o(i.lfsr113)
    main                                     0x00001a45   Thumb Code   140  main.o(i.main)
    next_event                               0x00001ae1   Thumb Code    16  random.o(i.next_event)
    osRtxErrorNotify                         0x00001af5   Thumb Code    32  rtx_config.o(i.osRtxErrorNotify)
    sendchar                                 0x00001b15   Thumb Code    64  retarget.o(i.sendchar)
    osRtxUserSVC                             0x00001bb8   Data           4  rtx_lib.o(.constdata)
    osRtxConfig                              0x00001bbc   Data         104  rtx_lib.o(.rodata)
    os_cb_sections                           0x00001c24   Data          56  rtx_lib.o(.rodata)
    Region$$Table$$Base                      0x00001c68   Number         0  anon$$obj.o(Region$$Table)
    Region$$Table$$Limit                     0x00001c88   Number         0  anon$$obj.o(Region$$Table)
    .bss.os.msgqueue.cb$$Base                0x10001040   Number         0  rtx_lib.o(.bss.os.msgqueue.cb)
    .bss.os.msgqueue.cb$$Limit               0x10001074   Number         0  rtx_lib.o(.bss.os.msgqueue.cb)
    .bss.os.thread.cb$$Base                  0x100010c4   Number         0  rtx_lib.o(.bss.os.thread.cb)
    .bss.os.thread.cb$$Limit                 0x1000114c   Number         0  rtx_lib.o(.bss.os.thread.cb)
    ITM_RxBuffer                             0x10001760   Data           4  uart.o(.data)
    UART0Status                              0x10001764   Data           4  uart.o(.data)
    UART1Status                              0x10001768   Data           4  uart.o(.data)
    UART0TxEmpty                             0x1000176c   Data           1  uart.o(.data)
    UART1TxEmpty                             0x1000176d   Data           1  uart.o(.data)
    UART0Count                               0x10001770   Data           4  uart.o(.data)
    UART1Count                               0x10001774   Data           4  uart.o(.data)
    RcvLock0                                 0x10001778   Data           1  uart.o(.data)
    SndLock0                                 0x10001779   Data           1  uart.o(.data)
    RcvLock1                                 0x1000177a   Data           1  uart.o(.data)
    SndLock1                                 0x1000177b   Data           1  uart.o(.data)
    i                                        0x1000177c   Data           4  uart.o(.data)
    uart_init_called                         0x10001780   Data           1  retarget.o(.data)
    __stdout                                 0x10001784   Data           4  retarget.o(.data)
    __stdin                                  0x10001788   Data           4  retarget.o(.data)
    SystemCoreClock                          0x1000178c   Data           4  system_lpc17xx.o(.data)
    osRtxInfo                                0x10001790   Data         164  rtx_kernel.o(.data.os)
    UART0Buffer                              0x10001834   Data          64  uart.o(.bss)
    UART1Buffer                              0x10001874   Data          64  uart.o(.bss)
    __initial_sp                             0x100038b8   Data           0  startup_lpc17xx.o(STACK)



==============================================================================

Memory Map of the image

  Image Entry point : 0x000000e1

  Load Region LR_1 (Base: 0x00000000, Size: 0x000034bc, Max: 0xffffffff, ABSOLUTE, COMPRESSED[0x00002020])

    Execution Region ER_RO (Exec base: 0x00000000, Load base: 0x00000000, Size: 0x00001c88, Max: 0xffffffff, ABSOLUTE)

    Exec Addr    Load Addr    Size         Type   Attr      Idx    E Section Name        Object

    0x00000000   0x00000000   0x000000cc   Data   RO          350    RESET               startup_lpc17xx.o
    0x000000cc   0x000000cc   0x00000000   Code   RO          865  * .ARM.Collect$$$$00000000  mc_w.l(entry.o)
    0x000000cc   0x000000cc   0x00000004   Code   RO         1153    .ARM.Collect$$$$00000001  mc_w.l(entry2.o)
    0x000000d0   0x000000d0   0x00000004   Code   RO         1156    .ARM.Collect$$$$00000004  mc_w.l(entry5.o)
    0x000000d4   0x000000d4   0x00000000   Code   RO         1158    .ARM.Collect$$$$00000008  mc_w.l(entry7b.o)
    0x000000d4   0x000000d4   0x00000000   Code   RO         1160    .ARM.Collect$$$$0000000A  mc_w.l(entry8b.o)
    0x000000d4   0x000000d4   0x00000008   Code   RO         1161    .ARM.Collect$$$$0000000B  mc_w.l(entry9a.o)
    0x000000dc   0x000000dc   0x00000000   Code   RO         1163    .ARM.Collect$$$$0000000D  mc_w.l(entry10a.o)
    0x000000dc   0x000000dc   0x00000000   Code   RO         1165    .ARM.Collect$$$$0000000F  mc_w.l(entry11a.o)
    0x000000dc   0x000000dc   0x00000004   Code   RO         1154    .ARM.Collect$$$$00002712  mc_w.l(entry2.o)
    0x000000e0   0x000000e0   0x00000024   Code   RO          352  * .text               startup_lpc17xx.o
    0x00000104   0x00000104   0x00000094   Code   RO          484    .text               RTX_CM3.lib(irq_cm3.o)
    0x00000198   0x00000198   0x00000062   Code   RO          868    .text               mc_w.l(uldiv.o)
    0x000001fa   0x000001fa   0x000000b0   Code   RO         1137    .text               mf_w.l(fadd.o)
    0x000002aa   0x000002aa   0x00000012   Code   RO         1143    .text               mf_w.l(fflti.o)
    0x000002bc   0x000002bc   0x0000000a   Code   RO         1145    .text               mf_w.l(ffltui.o)
    0x000002c6   0x000002c6   0x0000001a   Code   RO         1147    .text               mf_w.l(dfltui.o)
    0x000002e0   0x000002e0   0x00000000   Code   RO         1173    .text               mc_w.l(iusefp.o)
    0x000002e0   0x000002e0   0x0000000c   Code   RO          711    .text.OS_Tick_AcknowledgeIRQ  RTX_CM3.lib(os_systick.o)
    0x000002ec   0x000002ec   0x00000010   Code   RO          503    .text.osRtxThreadSwitch  RTX_CM3.lib(rtx_thread.o)
    0x000002fc   0x000002fc   0x00000004   Code   RO          351    .ARM.__at_0x02FC    startup_lpc17xx.o
    0x00000300   0x00000300   0x0000007c   Code   RO         1139    .text               mf_w.l(fdiv.o)
    0x0000037c   0x0000037c   0x000000e4   Code   RO         1141    .text               mf_w.l(dmul.o)
    0x00000460   0x00000460   0x00000032   Code   RO         1149    .text               mf_w.l(dfixui.o)
    0x00000492   0x00000492   0x00000026   Code   RO         1151    .text               mf_w.l(f2d.o)
    0x000004b8   0x000004b8   0x0000002c   Code   RO         1167    .text               mc_w.l(uidiv.o)
    0x000004e4   0x000004e4   0x0000001e   Code   RO         1169    .text               mc_w.l(llshl.o)
    0x00000502   0x00000502   0x00000020   Code   RO         1171    .text               mc_w.l(llushr.o)
    0x00000522   0x00000522   0x0000006e   Code   RO         1174    .text               mf_w.l(fepilogue.o)
    0x00000590   0x00000590   0x000000ba   Code   RO         1176    .text               mf_w.l(depilogue.o)
    0x0000064a   0x0000064a   0x0000014e   Code   RO         1178    .text               mf_w.l(dadd.o)
    0x00000798   0x00000798   0x000000de   Code   RO         1180    .text               mf_w.l(ddiv.o)
    0x00000876   0x00000876   0x00000030   Code   RO         1182    .text               mf_w.l(dfixul.o)
    0x000008a6   0x000008a6   0x00000002   PAD
    0x000008a8   0x000008a8   0x00000030   Code   RO         1184    .text               mf_w.l(cdrcmple.o)
    0x000008d8   0x000008d8   0x00000024   Code   RO         1186    .text               mc_w.l(init.o)
    0x000008fc   0x000008fc   0x00000024   Code   RO         1188    .text               mc_w.l(llsshr.o)
    0x00000920   0x00000920   0x00000056   Code   RO         1198    .text               mc_w.l(__dczerorl2.o)
    0x00000976   0x00000976   0x00000002   PAD
    0x00000978   0x00000978   0x00000024   Code   RO          467    .text.osDelay       RTX_CM3.lib(rtx_delay.o)
    0x0000099c   0x0000099c   0x00000028   Code   RO          430    .text.osKernelGetTickFreq  RTX_CM3.lib(rtx_kernel.o)
    0x000009c4   0x000009c4   0x00000090   Code   RO          692    .text.osRtxPendSV_Handler  RTX_CM3.lib(rtx_system.o)
    0x00000a54   0x00000a54   0x00000038   Code   RO          509    .text.osRtxThreadBlock  RTX_CM3.lib(rtx_thread.o)
    0x00000a8c   0x00000a8c   0x00000088   Code   RO          517    .text.osRtxThreadDelayInsert  RTX_CM3.lib(rtx_thread.o)
    0x00000b14   0x00000b14   0x00000034   Code   RO          499    .text.osRtxThreadDelayTick  RTX_CM3.lib(rtx_thread.o)
    0x00000b48   0x00000b48   0x0000005c   Code   RO          507    .text.osRtxThreadDispatch  RTX_CM3.lib(rtx_thread.o)
    0x00000ba4   0x00000ba4   0x0000002a   Code   RO          489    .text.osRtxThreadListPut  RTX_CM3.lib(rtx_thread.o)
    0x00000bce   0x00000bce   0x00000014   Code   RO          495    .text.osRtxThreadListRemove  RTX_CM3.lib(rtx_thread.o)
    0x00000be2   0x00000be2   0x00000002   PAD
    0x00000be4   0x00000be4   0x00000014   Code   RO          497    .text.osRtxThreadReadyPut  RTX_CM3.lib(rtx_thread.o)
    0x00000bf8   0x00000bf8   0x00000028   Code   RO          505    .text.osRtxThreadStackCheck  RTX_CM3.lib(rtx_thread.o)
    0x00000c20   0x00000c20   0x0000003c   Code   RO          515    .text.osRtxThreadWaitEnter  RTX_CM3.lib(rtx_thread.o)
    0x00000c5c   0x00000c5c   0x00000070   Code   RO          690    .text.osRtxTick_Handler  RTX_CM3.lib(rtx_system.o)
    0x00000ccc   0x00000ccc   0x00000014   Code   RO          471    .text.svcRtxDelay   RTX_CM3.lib(rtx_delay.o)
    0x00000ce0   0x00000ce0   0x0000000c   Code   RO          432    .text.svcRtxKernelGetTickFreq  RTX_CM3.lib(rtx_kernel.o)
    0x00000cec   0x00000cec   0x00000006   Code   RO           74    i.Free              uart.o
    0x00000cf2   0x00000cf2   0x00000002   PAD
    0x00000cf4   0x00000cf4   0x00000024   Code   RO           75    i.FreeRcv           uart.o
    0x00000d18   0x00000d18   0x00000024   Code   RO           76    i.FreeSnd           uart.o
    0x00000d3c   0x00000d3c   0x00000140   Code   RO          362    i.SystemInit        system_lpc17xx.o
    0x00000e7c   0x00000e7c   0x00000068   Code   RO           80    i.UART0_IRQHandler  uart.o
    0x00000ee4   0x00000ee4   0x00000070   Code   RO           81    i.UART1_IRQHandler  uart.o
    0x00000f54   0x00000f54   0x000000bc   Code   RO           82    i.UARTInit          uart.o
    0x00001010   0x00001010   0x00000024   Code   RO           86    i.UARTSendChar      uart.o
    0x00001034   0x00001034   0x00000020   Code   RO         1109    i.__0printf         mc_w.l(printfa.o)
    0x00001054   0x00001054   0x00000022   Code   RO           87    i.__NVIC_EnableIRQ  uart.o
    0x00001076   0x00001076   0x0000000e   Code   RO         1192    i.__scatterload_copy  mc_w.l(handlers.o)
    0x00001084   0x00001084   0x00000002   Code   RO         1193    i.__scatterload_null  mc_w.l(handlers.o)
    0x00001086   0x00001086   0x0000000e   Code   RO         1194    i.__scatterload_zeroinit  mc_w.l(handlers.o)
    0x00001094   0x00001094   0x00000184   Code   RO         1116    i._fp_digits        mc_w.l(printfa.o)
    0x00001218   0x00001218   0x000006dc   Code   RO         1117    i._printf_core      mc_w.l(printfa.o)
    0x000018f4   0x000018f4   0x00000024   Code   RO         1118    i._printf_post_padding  mc_w.l(printfa.o)
    0x00001918   0x00001918   0x0000002e   Code   RO         1119    i._printf_pre_padding  mc_w.l(printfa.o)
    0x00001946   0x00001946   0x0000000e   Code   RO          212    i.fputc             retarget.o
    0x00001954   0x00001954   0x00000048   Code   RO           88    i.getFrequency      uart.o
    0x0000199c   0x0000199c   0x00000016   Code   RO            1    i.interarrival_ticks  main.o
    0x000019b2   0x000019b2   0x00000002   PAD
    0x000019b4   0x000019b4   0x00000090   Code   RO           57    i.lfsr113           lfsr113.o
    0x00001a44   0x00001a44   0x0000009c   Code   RO            2    i.main              main.o
    0x00001ae0   0x00001ae0   0x00000014   Code   RO           43    i.next_event        random.o
    0x00001af4   0x00001af4   0x00000020   Code   RO          269    i.osRtxErrorNotify  rtx_config.o
    0x00001b14   0x00001b14   0x00000044   Code   RO          214    i.sendchar          retarget.o
    0x00001b58   0x00001b58   0x00000064   Data   RO          314    .constdata          rtx_lib.o
    0x00001bbc   0x00001bbc   0x000000a0   Data   RO          316    .rodata             rtx_lib.o
    0x00001c5c   0x00001c5c   0x0000000b   Data   RO          456    .rodata.str1.4      RTX_CM3.lib(rtx_kernel.o)
    0x00001c67   0x00001c67   0x00000001   PAD
    0x00001c68   0x00001c68   0x00000020   Data   RO         1190    Region$$Table       anon$$obj.o


    Execution Region ER_RW (Exec base: 0x10000000, Load base: 0x00001c88, Size: 0x00001834, Max: 0xffffffff, ABSOLUTE, COMPRESSED[0x00000398])

    Exec Addr    Load Addr    Size         Type   Attr      Idx    E Section Name        Object

    0x10000000   COMPRESSED   0x00001040   Data   RW          309    .bss.os             rtx_lib.o
    0x10001040   COMPRESSED   0x00000034   Data   RW          310    .bss.os.msgqueue.cb  rtx_lib.o
    0x10001074   COMPRESSED   0x00000050   Data   RW          311    .bss.os.msgqueue.mem  rtx_lib.o
    0x100010c4   COMPRESSED   0x00000088   Data   RW          312    .bss.os.thread.cb   rtx_lib.o
    0x1000114c   COMPRESSED   0x00000004   PAD
    0x10001150   COMPRESSED   0x00000200   Data   RW          313    .bss.os.thread.stack  rtx_lib.o
    0x10001350   COMPRESSED   0x00000400   Data   RW           44    .data               random.o
    0x10001750   COMPRESSED   0x00000010   Data   RW           58    .data               lfsr113.o
    0x10001760   COMPRESSED   0x00000020   Data   RW           90    .data               uart.o
    0x10001780   COMPRESSED   0x0000000c   Data   RW          215    .data               retarget.o
    0x1000178c   COMPRESSED   0x00000004   Data   RW          363    .data               system_lpc17xx.o
    0x10001790   COMPRESSED   0x000000a4   Data   RW          457    .data.os            RTX_CM3.lib(rtx_kernel.o)


    Execution Region ER_ZI (Exec base: 0x10001834, Load base: 0x00002020, Size: 0x00002084, Max: 0xffffffff, ABSOLUTE)

    Exec Addr    Load Addr    Size         Type   Attr      Idx    E Section Name        Object

    0x10001834        -       0x00000080   Zero   RW           89    .bss                uart.o
    0x100018b4   0x00002020   0x00000004   PAD
    0x100018b8        -       0x00002000   Zero   RW          348    STACK               startup_lpc17xx.o


==============================================================================

Image component sizes


      Code (inc. data)   RO Data    RW Data    ZI Data      Debug   Object Name

       144         16          0         16          0        634   lfsr113.o
       178         16          0          0          0       5616   main.o
        20          4          0       1024          0        929   random.o
        82          4          0         12          0       3098   retarget.o
        32          6          0          0          0       4331   rtx_config.o
         0          0        260       4940          0       9498   rtx_lib.o
        40         12        204          0       8192        996   startup_lpc17xx.o
       320         18          0          4          0        811   system_lpc17xx.o
       624         86          0         32        128      22831   uart.o

    ----------------------------------------------------------------------
      1444        162        496       6032       8324      48744   Object Totals
         0          0         32          0          0          0   (incl. Generated)
         4          0          0          4          4          0   (incl. Padding)

    ----------------------------------------------------------------------

      Code (inc. data)   RO Data    RW Data    ZI Data      Debug   Library Member Name

       148         10          0          0          0        484   irq_cm3.o
        12          4          0          0          0       3108   os_systick.o
        56          4          0          0          0       2838   rtx_delay.o
        52         12         11        164          0      17132   rtx_kernel.o
       256         18          0          0          0       5417   rtx_system.o
       534         36          0          0          0      32225   rtx_thread.o
        86          0          0          0          0          0   __dczerorl2.o
         0          0          0          0          0          0   entry.o
         0          0          0          0          0          0   entry10a.o
         0          0          0          0          0          0   entry11a.o
         8          4          0          0          0          0   entry2.o
         4          0          0          0          0          0   entry5.o
         0          0          0          0          0          0   entry7b.o
         0          0          0          0          0          0   entry8b.o
         8          4          0          0          0          0   entry9a.o
        30          0          0          0          0          0   handlers.o
        36          8          0          0          0         68   init.o
         0          0          0          0          0          0   iusefp.o
        30          0          0          0          0         68   llshl.o
        36          0          0          0          0         68   llsshr.o
        32          0          0          0          0         68   llushr.o
      2258         90          0          0          0        452   printfa.o
        44          0          0          0          0         80   uidiv.o
        98          0          0          0          0         92   uldiv.o
        48          0          0          0          0         68   cdrcmple.o
       334          0          0          0          0        148   dadd.o
       222          0          0          0          0        100   ddiv.o
       186          0          0          0          0        176   depilogue.o
        50          0          0          0          0         76   dfixui.o
        48          0          0          0          0         68   dfixul.o
        26          0          0          0          0         76   dfltui.o
       228          0          0          0          0         96   dmul.o
        38          0          0          0          0         68   f2d.o
       176          0          0          0          0        140   fadd.o
       124          0          0          0          0         88   fdiv.o
       110          0          0          0          0        168   fepilogue.o
        18          0          0          0          0         68   fflti.o
        10          0          0          0          0         68   ffltui.o

    ----------------------------------------------------------------------
      5352        190         12        164          0      63508   Library Totals
         6          0          1          0          0          0   (incl. Padding)

    ----------------------------------------------------------------------

      Code (inc. data)   RO Data    RW Data    ZI Data      Debug   Library Name

      1058         84         11        164          0      61204   RTX_CM3.lib
      2670        106          0          0          0        896   mc_w.l
      1618          0          0          0          0       1408   mf_w.l

    ----------------------------------------------------------------------
      5352        190         12        164          0      63508   Library Totals

    ----------------------------------------------------------------------

==============================================================================


      Code (inc. data)   RO Data    RW Data    ZI Data      Debug   

      6796        352        508       6196       8324     110444   Grand Totals
      6796        352        508        920       8324     110444   ELF Image Totals (compressed)
      6796        352        508        920          0          0   ROM Totals

==============================================================================

    Total RO  Size (Code + RO Data)                 7304 (   7.13kB)
    Total RW  Size (RW Data + ZI Data)             14520 (  14.18kB)
    Total ROM Size (Code + RO Data + RW Data)       8224 (   8.03kB)

==============================================================================

